Archive member included because of file (symbol)

../lib/grrlib/lib/wii\libgrrlib.a(GRRLIB_3D.o)
                              main.o (GRRLIB_SetBackgroundColour)
../lib/grrlib/lib/wii\libgrrlib.a(GRRLIB_bmf.o)
                              main.o (GRRLIB_InitTileSet)
../lib/grrlib/lib/wii\libgrrlib.a(GRRLIB_core.o)
                              main.o (GRRLIB_Settings)
../lib/grrlib/lib/wii\libgrrlib.a(GRRLIB_fileIO.o)
                              Pointer.o (GRRLIB_ScrShot)
../lib/grrlib/lib/wii\libgrrlib.a(GRRLIB_render.o)
                              main.o (GRRLIB_Render)
../lib/grrlib/lib/wii\libgrrlib.a(GRRLIB_texEdit.o)
                              Map.o (GRRLIB_LoadTexture)
../lib/grrlib/lib/wii\libgrrlib.a(GRRLIB_ttf.o)
                              Button.o (GRRLIB_PrintfTTF)
../lib/freetype/lib/wii\libfreetype.a(ftinit.o)
                              ../lib/grrlib/lib/wii\libgrrlib.a(GRRLIB_ttf.o) (FT_Done_FreeType)
../lib/freetype/lib/wii\libfreetype.a(ftbase.o)
                              ../lib/grrlib/lib/wii\libgrrlib.a(GRRLIB_ttf.o) (FT_Get_Kerning)
../lib/freetype/lib/wii\libfreetype.a(truetype.o)
                              ../lib/freetype/lib/wii\libfreetype.a(ftinit.o) (tt_driver_class)
../lib/freetype/lib/wii\libfreetype.a(type1.o)
                              ../lib/freetype/lib/wii\libfreetype.a(ftinit.o) (t1_driver_class)
../lib/freetype/lib/wii\libfreetype.a(sfnt.o)
                              ../lib/freetype/lib/wii\libfreetype.a(ftinit.o) (sfnt_module_class)
../lib/freetype/lib/wii\libfreetype.a(autofit.o)
                              ../lib/freetype/lib/wii\libfreetype.a(ftinit.o) (autofit_module_class)
../lib/freetype/lib/wii\libfreetype.a(pshinter.o)
                              ../lib/freetype/lib/wii\libfreetype.a(ftinit.o) (pshinter_module_class)
../lib/freetype/lib/wii\libfreetype.a(raster.o)
                              ../lib/freetype/lib/wii\libfreetype.a(ftinit.o) (ft_raster1_renderer_class)
../lib/freetype/lib/wii\libfreetype.a(smooth.o)
                              ../lib/freetype/lib/wii\libfreetype.a(ftinit.o) (ft_smooth_renderer_class)
../lib/freetype/lib/wii\libfreetype.a(psaux.o)
                              ../lib/freetype/lib/wii\libfreetype.a(ftinit.o) (psaux_module_class)
../lib/freetype/lib/wii\libfreetype.a(psnames.o)
                              ../lib/freetype/lib/wii\libfreetype.a(ftinit.o) (psnames_module_class)
../lib/freetype/lib/wii\libfreetype.a(ftsystem.o)
                              ../lib/freetype/lib/wii\libfreetype.a(ftinit.o) (FT_Done_Memory)
c:/devkitPro/libogc/lib/wii\libfat.a(libfat.o)
                              main.o (fatInitDefault)
c:/devkitPro/libogc/lib/wii\libfat.a(partition.o)
                              c:/devkitPro/libogc/lib/wii\libfat.a(libfat.o) (_FAT_partition_destructor)
c:/devkitPro/libogc/lib/wii\libfat.a(cache.o)
                              c:/devkitPro/libogc/lib/wii\libfat.a(partition.o) (_FAT_cache_destructor)
c:/devkitPro/libogc/lib/wii\libfat.a(directory.o)
                              c:/devkitPro/libogc/lib/wii\libfat.a(libfat.o) (_FAT_directory_getVolumeLabel)
c:/devkitPro/libogc/lib/wii\libfat.a(disc.o)
                              c:/devkitPro/libogc/lib/wii\libfat.a(libfat.o) (_FAT_disc_interfaces)
c:/devkitPro/libogc/lib/wii\libfat.a(fatdir.o)
                              c:/devkitPro/libogc/lib/wii\libfat.a(libfat.o) (_FAT_link_r)
c:/devkitPro/libogc/lib/wii\libfat.a(fatfile.o)
                              c:/devkitPro/libogc/lib/wii\libfat.a(partition.o) (_FAT_syncToDisc)
c:/devkitPro/libogc/lib/wii\libfat.a(file_allocation_table.o)
                              c:/devkitPro/libogc/lib/wii\libfat.a(directory.o) (_FAT_fat_nextCluster)
c:/devkitPro/libogc/lib/wii\libfat.a(filetime.o)
                              c:/devkitPro/libogc/lib/wii\libfat.a(directory.o) (_FAT_filetime_to_time_t)
../lib/jpeg/lib/wii\libjpeg.a(jdapimin.o)
                              ../lib/grrlib/lib/wii\libgrrlib.a(GRRLIB_texEdit.o) (jpeg_finish_decompress)
../lib/jpeg/lib/wii\libjpeg.a(jdapistd.o)
                              ../lib/grrlib/lib/wii\libgrrlib.a(GRRLIB_texEdit.o) (jpeg_read_scanlines)
../lib/jpeg/lib/wii\libjpeg.a(jdatasrc.o)
                              ../lib/grrlib/lib/wii\libgrrlib.a(GRRLIB_texEdit.o) (jpeg_mem_src)
../lib/jpeg/lib/wii\libjpeg.a(jdinput.o)
                              ../lib/jpeg/lib/wii\libjpeg.a(jdapimin.o) (jinit_input_controller)
../lib/jpeg/lib/wii\libjpeg.a(jdmarker.o)
                              ../lib/jpeg/lib/wii\libjpeg.a(jdatasrc.o) (jpeg_resync_to_restart)
../lib/jpeg/lib/wii\libjpeg.a(jdmaster.o)
                              ../lib/jpeg/lib/wii\libjpeg.a(jdapistd.o) (jinit_master_decompress)
../lib/jpeg/lib/wii\libjpeg.a(jdmerge.o)
                              ../lib/jpeg/lib/wii\libjpeg.a(jdmaster.o) (jinit_merged_upsampler)
../lib/jpeg/lib/wii\libjpeg.a(jdpostct.o)
[...]
Memory Configuration

Name             Origin             Length             Attributes
*default*        0x00000000         0xffffffff

Linker script and memory map

                0x00003400                . = 0x3400

.stub
 *(.stub)
                0x80004000                . = 0x80004000

.init           0x80004000      0x20c
 *crt0.o(*.init)
 .init          0x80004000      0x1e8 c:/devkitPro/libogc/lib/wii\libogc.a(ogc_crt0.o)
                0x80004000                _start
                0x800041a0                _memset
                0x800041d0                video_line
 *(.init)
 .init          0x800041e8        0xc c:/devkitpro/devkitppc/bin/../lib/gcc/powerpc-eabi/4.4.3/ecrti.o
                0x800041e8                __init
 .init          0x800041f4        0x4 c:/devkitpro/devkitppc/bin/../lib/gcc/powerpc-eabi/4.4.3/crtbegin.o
 .init          0x800041f8        0x4 c:/devkitpro/devkitppc/bin/../lib/gcc/powerpc-eabi/4.4.3/crtend.o
 .init          0x800041fc       0x10 c:/devkitpro/devkitppc/bin/../lib/gcc/powerpc-eabi/4.4.3/ecrtn.o

.rela.dyn       0x8000420c        0x0
 .rela.iplt     0x00000000        0x0 c:/devkitpro/devkitppc/bin/../lib/gcc/powerpc-eabi/4.4.3/crtbegin.o
 .rela.eh_frame
                0x00000000        0x0 c:/devkitpro/devkitppc/bin/../lib/gcc/powerpc-eabi/4.4.3/crtbegin.o
 .rela.gcc_except_table._Znwj
                0x00000000        0x0 c:/devkitpro/devkitppc/bin/../lib/gcc/powerpc-eabi/4.4.3/crtbegin.o
 .rela.gcc_except_table._ZN9__gnu_cxx27__verbose_terminate_handlerEv
                0x00000000        0x0 c:/devkitpro/devkitppc/bin/../lib/gcc/powerpc-eabi/4.4.3/crtbegin.o

.plt
 *(.plt)

.interp
 *(.interp)

.hash
 *(.hash)

.dynsym
 *(.dynsym)

.dynstr
 *(.dynstr)

.gnu.version
 *(.gnu.version)

.gnu.version_d
 *(.gnu.version_d)

.gnu.version_r
 *(.gnu.version_r)

.rel.init
 *(.rel.init)

.rela.init      0x8000420c        0x0
 *(.rela.init)
 .rela.init     0x00000000        0x0 c:/devkitpro/devkitppc/bin/../lib/gcc/powerpc-eabi/4.4.3/crtbegin.o

.rel.text
 *(.rel.text .rel.text.* .rel.gnu.linkonce.t.*)

.rela.text      0x8000420c        0x0
 *(.rela.text .rela.text.* .rela.gnu.linkonce.t.*)
 .rela.text     0x00000000        0x0 c:/devkitpro/devkitppc/bin/../lib/gcc/powerpc-eabi/4.4.3/crtbegin.o
 .rela.text._ZN6Button8setIndexEi
                0x00000000        0x0 c:/devkitpro/devkitppc/bin/../lib/gcc/powerpc-eabi/4.4.3/crtbegin.o
 .rela.text._ZN6Button4setYEi
                0x00000000        0x0 c:/devkitpro/devkitppc/bin/../lib/gcc/powerpc-eabi/4.4.3/crtbegin.o
 .rela.text._ZN6Button4setXEi
                0x00000000        0x0 c:/devkitpro/devkitppc/bin/../lib/gcc/powerpc-eabi/4.4.3/crtbegin.o
 .rela.text._ZN6ButtonD1Ev
                0x00000000        0x0 c:/devkitpro/devkitppc/bin/../lib/gcc/powerpc-eabi/4.4.3/crtbegin.o
 .rela.text._ZN6ButtonD2Ev
                0x00000000        0x0 c:/devkitpro/devkitppc/bin/../lib/gcc/powerpc-eabi/4.4.3/crtbegin.o
 .rela.text._ZN6ButtonC1Ev
                0x00000000        0x0 c:/devkitpro/devkitppc/bin/../lib/gcc/powerpc-eabi/4.4.3/crtbegin.o
 .rela.text._ZN6ButtonC2Ev
                0x00000000        0x0 c:/devkitpro/devkitppc/bin/../lib/gcc/powerpc-eabi/4.4.3/crtbegin.o
 .rela.text._ZN6Button8onSelectEiib
                0x00000000        0x0 c:/devkitpro/devkitppc/bin/../lib/gcc/powerpc-eabi/4.4.3/crtbegin.o
 .rela.text._ZN6Button4textEi
                0x00000000        0x0 c:/devkitpro/devkitppc/bin/../lib/gcc/powerpc-eabi/4.4.3/crtbegin.o
 .rela.text._ZN6Button4drawEv
                0x00000000        0x0 c:/devkitpro/devkitppc/bin/../lib/gcc/powerpc-eabi/4.4.3/crtbegin.o
 .rela.text._ZN9HighScoreD1Ev
                0x00000000        0x0 c:/devkitpro/devkitppc/bin/../lib/gcc/powerpc-eabi/4.4.3/crtbegin.o
 .rela.text._ZN9HighScoreD2Ev
                0x00000000        0x0 c:/devkitpro/devkitppc/bin/../lib/gcc/powerpc-eabi/4.4.3/crtbegin.o
 .rela.text._ZN9HighScore8setScoreEPKciii
                0x00000000        0x0 c:/devkitpro/devkitppc/bin/../lib/gcc/powerpc-eabi/4.4.3/crtbegin.o
 .rela.text._ZN9HighScore4saveEPKc
                0x00000000        0x0 c:/devkitpro/devkitppc/bin/../lib/gcc/powerpc-eabi/4.4.3/crtbegin.o
 .rela.text._ZN9HighScore4loadEPKc
                0x00000000        0x0 c:/devkitpro/devkitppc/bin/../lib/gcc/powerpc-eabi/4.4.3/crtbegin.o
 .rela.text._ZN9HighScoreC1Ev
                0x00000000        0x0 c:/devkitpro/devkitppc/bin/../lib/gcc/powerpc-eabi/4.4.3/crtbegin.o
 .rela.text._ZN9HighScoreC2Ev
                0x00000000        0x0 c:/devkitpro/devkitppc/bin/../lib/gcc/powerpc-eabi/4.4.3/crtbegin.o
 .rela.text._ZN6Knight8setIndexEi
                0x00000000        0x0 c:/devkitpro/devkitppc/bin/../lib/gcc/powerpc-eabi/4.4.3/crtbegin.o
 .rela.text._ZN6Knight4setYEi
                0x00000000        0x0 c:/devkitpro/devkitppc/bin/../lib/gcc/powerpc-eabi/4.4.3/crtbegin.o
 .rela.text._ZN6Knight4setXEi
                0x00000000        0x0 c:/devkitpro/devkitppc/bin/../lib/gcc/powerpc-eabi/4.4.3/crtbegin.o
 .rela.text._ZN6KnightD1Ev
                0x00000000        0x0 c:/devkitpro/devkitppc/bin/../lib/gcc/powerpc-eabi/4.4.3/crtbegin.o
 .rela.text._ZN6KnightD2Ev
                0x00000000        0x0 c:/devkitpro/devkitppc/bin/../lib/gcc/powerpc-eabi/4.4.3/crtbegin.o
 .rela.text._ZN6KnightC1Ev
                0x00000000        0x0 c:/devkitpro/devkitppc/bin/../lib/gcc/powerpc-eabi/4.4.3/crtbegin.o
 .rela.text._ZN6KnightC2Ev
                0x00000000        0x0 c:/devkitpro/devkitppc/bin/../lib/gcc/powerpc-eabi/4.4.3/crtbegin.o
 .rela.text._ZN6Knight8onSelectEii
                0x00000000        0x0 c:/devkitpro/devkitppc/bin/../lib/gcc/powerpc-eabi/4.4.3/crtbegin.o
 .rela.text._ZN4Land8setOwnerEi
                0x00000000        0x0 c:/devkitpro/devkitppc/bin/../lib/gcc/powerpc-eabi/4.4.3/crtbegin.o
 .rela.text._ZN4Land7setTypeEi
                0x00000000        0x0 c:/devkitpro/devkitppc/bin/../lib/gcc/powerpc-eabi/4.4.3/crtbegin.o
 .rela.text._ZN4Land8setIndexEi
                0x00000000        0x0 c:/devkitpro/devkitppc/bin/../lib/gcc/powerpc-eabi/4.4.3/crtbegin.o
 .rela.text._ZN4Land4setYEi
                0x00000000        0x0 c:/devkitpro/devkitppc/bin/../lib/gcc/powerpc-eabi/4.4.3/crtbegin.o
 .rela.text._ZN4Land4setXEi
                0x00000000        0x0 c:/devkitpro/devkitppc/bin/../lib/gcc/powerpc-eabi/4.4.3/crtbegin.o
 .rela.text._ZN4LandD1Ev
                0x00000000        0x0 c:/devkitpro/devkitppc/bin/../lib/gcc/powerpc-eabi/4.4.3/crtbegin.o
 .rela.text._ZN4LandD2Ev
                0x00000000        0x0 c:/devkitpro/devkitppc/bin/../lib/gcc/powerpc-eabi/4.4.3/crtbegin.o
 .rela.text._ZN4LandC1Eiiii
                0x00000000        0x0 c:/devkitpro/devkitppc/bin/../lib/gcc/powerpc-eabi/4.4.3/crtbegin.o
 .rela.text._ZN4LandC2Eiiii
                0x00000000        0x0 c:/devkitpro/devkitppc/bin/../lib/gcc/powerpc-eabi/4.4.3/crtbegin.o
 .rela.text._ZN4LandC1Ev
                0x00000000        0x0 c:/devkitpro/devkitppc/bin/../lib/gcc/powerpc-eabi/4.4.3/crtbegin.o
 .rela.text._ZN4LandC2Ev
                0x00000000        0x0 c:/devkitpro/devkitppc/bin/../lib/gcc/powerpc-eabi/4.4.3/crtbegin.o
 .rela.text._ZN4Land4drawEv
                0x00000000        0x0 c:/devkitpro/devkitppc/bin/../lib/gcc/powerpc-eabi/4.4.3/crtbegin.o
 .rela.text._ZN3Map10setUnBuildEii
                0x00000000        0x0 c:/devkitpro/devkitppc/bin/../lib/gcc/powerpc-eabi/4.4.3/crtbegin.o
 .rela.text._ZN3Map8setBuildEii
                0x00000000        0x0 c:/devkitpro/devkitppc/bin/../lib/gcc/powerpc-eabi/4.4.3/crtbegin.o
 .rela.text._ZN3Map8setIndexEi
                0x00000000        0x0 c:/devkitpro/devkitppc/bin/../lib/gcc/powerpc-eabi/4.4.3/crtbegin.o
 .rela.text._ZN3Map9initBuildEv
                0x00000000        0x0 c:/devkitpro/devkitppc/bin/../lib/gcc/powerpc-eabi/4.4.3/crtbegin.o
 .rela.text._ZN3MapC1Ev
                0x00000000        0x0 c:/devkitpro/devkitppc/bin/../lib/gcc/powerpc-eabi/4.4.3/crtbegin.o
 .rela.text._ZN3MapC2Ev
                0x00000000        0x0 c:/devkitpro/devkitppc/bin/../lib/gcc/powerpc-eabi/4.4.3/crtbegin.o
 .rela.text._ZN3Map7loadMapEPKc
                0x00000000        0x0 c:/devkitpro/devkitppc/bin/../lib/gcc/powerpc-eabi/4.4.3/crtbegin.o
 .rela.text._ZN3Map9loadImageEPKc
                0x00000000        0x0 c:/devkitpro/devkitppc/bin/../lib/gcc/powerpc-eabi/4.4.3/crtbegin.o
 .rela.text._ZN3Map6createEPKc
                0x00000000        0x0 c:/devkitpro/devkitppc/bin/../lib/gcc/powerpc-eabi/4.4.3/crtbegin.o
 .rela.text._ZN3MapD1Ev
                0x00000000        0x0 c:/devkitpro/devkitppc/bin/../lib/gcc/powerpc-eabi/4.4.3/crtbegin.o
 .rela.text._ZN3MapD2Ev
                0x00000000        0x0 c:/devkitpro/devkitppc/bin/../lib/gcc/powerpc-eabi/4.4.3/crtbegin.o
 .rela.text._ZN7Pointer8setImageEP13GRRLIB_texImg
                0x00000000        0x0 c:/devkitpro/devkitppc/bin/../lib/gcc/powerpc-eabi/4.4.3/crtbegin.o
 .rela.text._ZN7Pointer8setAngleEi
                0x00000000        0x0 c:/devkitpro/devkitppc/bin/../lib/gcc/powerpc-eabi/4.4.3/crtbegin.o
 .rela.text._ZN7Pointer4setYEi
                0x00000000        0x0 c:/devkitpro/devkitppc/bin/../lib/gcc/powerpc-eabi/4.4.3/crtbegin.o
 .rela.text._ZN7Pointer4setXEi
                0x00000000        0x0 c:/devkitpro/devkitppc/bin/../lib/gcc/powerpc-eabi/4.4.3/crtbegin.o
 .rela.text._ZN7Pointer8setIndexEi
                0x00000000        0x0 c:/devkitpro/devkitppc/bin/../lib/gcc/powerpc-eabi/4.4.3/crtbegin.o
 .rela.text._ZN7PointerC1Ev
                0x00000000        0x0 c:/devkitpro/devkitppc/bin/../lib/gcc/powerpc-eabi/4.4.3/crtbegin.o
 .rela.text._ZN7PointerC2Ev
                0x00000000        0x0 c:/devkitpro/devkitppc/bin/../lib/gcc/powerpc-eabi/4.4.3/crtbegin.o
 .rela.text._ZN7PointerD1Ev
                0x00000000        0x0 c:/devkitpro/devkitppc/bin/../lib/gcc/powerpc-eabi/4.4.3/crtbegin.o
 .rela.text._ZN7PointerD2Ev
                0x00000000        0x0 c:/devkitpro/devkitppc/bin/../lib/gcc/powerpc-eabi/4.4.3/crtbegin.o
 .rela.text._ZN7Pointer12buttonScrollEii
                0x00000000        0x0 c:/devkitpro/devkitppc/bin/../lib/gcc/powerpc-eabi/4.4.3/crtbegin.o
 .rela.text._ZN7Pointer11buttonMinusEi
                0x00000000        0x0 c:/devkitpro/devkitppc/bin/../lib/gcc/powerpc-eabi/4.4.3/crtbegin.o
 .rela.text._ZN7Pointer10buttonPlusEi
                0x00000000        0x0 c:/devkitpro/devkitppc/bin/../lib/gcc/powerpc-eabi/4.4.3/crtbegin.o
 .rela.text._ZN7Pointer7buttonAEii
                0x00000000        0x0 c:/devkitpro/devkitppc/bin/../lib/gcc/powerpc-eabi/4.4.3/crtbegin.o
 .rela.text._ZN7Pointer8button2yEv
                0x00000000        0x0 c:/devkitpro/devkitppc/bin/../lib/gcc/powerpc-eabi/4.4.3/crtbegin.o
 .rela.text._ZN7Pointer8button1xEv
                0x00000000        0x0 c:/devkitpro/devkitppc/bin/../lib/gcc/powerpc-eabi/4.4.3/crtbegin.o
 .rela.text._ZN7Pointer6actionEv
                0x00000000        0x0 c:/devkitpro/devkitppc/bin/../lib/gcc/powerpc-eabi/4.4.3/crtbegin.o
 .rela.text._ZN8Settings15setEffectVolumeEi
                0x00000000        0x0 c:/devkitpro/devkitppc/bin/../lib/gcc/powerpc-eabi/4.4.3/crtbegin.o
 .rela.text._ZN8Settings14setMusicVolumeEi
                0x00000000        0x0 c:/devkitpro/devkitppc/bin/../lib/gcc/powerpc-eabi/4.4.3/crtbegin.o
 .rela.text._ZN8SettingsD1Ev
                0x00000000        0x0 c:/devkitpro/devkitppc/bin/../lib/gcc/powerpc-eabi/4.4.3/crtbegin.o
 .rela.text._ZN8SettingsD2Ev
                0x00000000        0x0 c:/devkitpro/devkitppc/bin/../lib/gcc/powerpc-eabi/4.4.3/crtbegin.o
 .rela.text._ZN8Settings7setNameEPKc
                0x00000000        0x0 c:/devkitpro/devkitppc/bin/../lib/gcc/powerpc-eabi/4.4.3/crtbegin.o
 .rela.text._ZN8Settings4saveEPKc
                0x00000000        0x0 c:/devkitpro/devkitppc/bin/../lib/gcc/powerpc-eabi/4.4.3/crtbegin.o
 .rela.text._ZN8Settings4loadEPKc
                0x00000000        0x0 c:/devkitpro/devkitppc/bin/../lib/gcc/powerpc-eabi/4.4.3/crtbegin.o
 .rela.text._ZN8Settings8nickNameEv
                0x00000000        0x0 c:/devkitpro/devkitppc/bin/../lib/gcc/powerpc-eabi/4.4.3/crtbegin.o
 .rela.text._ZN8SettingsC1Ev
                0x00000000        0x0 c:/devkitpro/devkitppc/bin/../lib/gcc/powerpc-eabi/4.4.3/crtbegin.o
 .rela.text._ZN8SettingsC2Ev
                0x00000000        0x0 c:/devkitpro/devkitppc/bin/../lib/gcc/powerpc-eabi/4.4.3/crtbegin.o
 .rela.text._ZN5Sound15setEffectVolumeEi
                0x00000000        0x0 c:/devkitpro/devkitppc/bin/../lib/gcc/powerpc-eabi/4.4.3/crtbegin.o
 .rela.text._ZN5Sound14setMusicVolumeEi
                0x00000000        0x0 c:/devkitpro/devkitppc/bin/../lib/gcc/powerpc-eabi/4.4.3/crtbegin.o
 .rela.text._ZN5SoundD1Ev
                0x00000000        0x0 c:/devkitpro/devkitppc/bin/../lib/gcc/powerpc-eabi/4.4.3/crtbegin.o
 .rela.text._ZN5SoundD2Ev
                0x00000000        0x0 c:/devkitpro/devkitppc/bin/../lib/gcc/powerpc-eabi/4.4.3/crtbegin.o
 .rela.text._ZN5Sound4playEv
                0x00000000        0x0 c:/devkitpro/devkitppc/bin/../lib/gcc/powerpc-eabi/4.4.3/crtbegin.o
 .rela.text._ZN5Sound13setMusicTrackEi
                0x00000000        0x0 c:/devkitpro/devkitppc/bin/../lib/gcc/powerpc-eabi/4.4.3/crtbegin.o
 .rela.text._ZN5SoundC1Ev
                0x00000000        0x0 c:/devkitpro/devkitppc/bin/../lib/gcc/powerpc-eabi/4.4.3/crtbegin.o
 .rela.text._ZN5SoundC2Ev
                0x00000000        0x0 c:/devkitpro/devkitppc/bin/../lib/gcc/powerpc-eabi/4.4.3/crtbegin.o
 .rela.text.T.251
                0x00000000        0x0 c:/devkitpro/devkitppc/bin/../lib/gcc/powerpc-eabi/4.4.3/crtbegin.o
 .rela.text._Z10initImagesv
                0x00000000        0x0 c:/devkitpro/devkitppc/bin/../lib/gcc/powerpc-eabi/4.4.3/crtbegin.o
 .rela.text.main
                0x00000000        0x0 c:/devkitpro/devkitppc/bin/../lib/gcc/powerpc-eabi/4.4.3/crtbegin.o
 .rela.text.tcp_stop_thread
                0x00000000        0x0 c:/devkitpro/devkitppc/bin/../lib/gcc/powerpc-eabi/4.4.3/crtbegin.o
 .rela.text.tcp_get_state_nr
                0x00000000        0x0 c:/devkitpro/devkitppc/bin/../lib/gcc/powerpc-eabi/4.4.3/crtbegin.o
 .rela.text.tcp_get_today_highscore
                0x00000000        0x0 c:/devkitpro/devkitppc/bin/../lib/gcc/powerpc-eabi/4.4.3/crtbegin.o
 .rela.text.tcp_get_global_highscore
                0x00000000        0x0 c:/devkitpro/devkitppc/bin/../lib/gcc/powerpc-eabi/4.4.3/crtbegin.o
 .rela.text.tcp_get_releasenote
                0x00000000        0x0 c:/devkitpro/devkitppc/bin/../lib/gcc/powerpc-eabi/4.4.3/crtbegin.o
 .rela.text.tcp_get_version
                0x00000000        0x0 c:/devkitpro/devkitppc/bin/../lib/gcc/powerpc-eabi/4.4.3/crtbegin.o
 .rela.text.tcp_set_state
                0x00000000        0x0 c:/devkitpro/devkitppc/bin/../lib/gcc/powerpc-eabi/4.4.3/crtbegin.o
 .rela.text.tcp_start_thread
                0x00000000        0x0 c:/devkitpro/devkitppc/bin/../lib/gcc/powerpc-eabi/4.4.3/crtbegin.o
 .rela.text.tcp_clear_memory
                0x00000000        0x0 c:/devkitpro/devkitppc/bin/../lib/gcc/powerpc-eabi/4.4.3/crtbegin.o
 .rela.text.tcp_init_layer
                0x00000000        0x0 c:/devkitpro/devkitppc/bin/../lib/gcc/powerpc-eabi/4.4.3/crtbegin.o
 .rela.text.tcp_get_state
                0x00000000        0x0 c:/devkitpro/devkitppc/bin/../lib/gcc/powerpc-eabi/4.4.3/crtbegin.o
 .rela.text.http_get_result
                0x00000000        0x0 c:/devkitpro/devkitppc/bin/../lib/gcc/powerpc-eabi/4.4.3/crtbegin.o
 .rela.text.http_encode_url
                0x00000000        0x0 c:/devkitpro/devkitppc/bin/../lib/gcc/powerpc-eabi/4.4.3/crtbegin.o
 .rela.text.http_googleAnalysicUrl
                0x00000000        0x0 c:/devkitpro/devkitppc/bin/../lib/gcc/powerpc-eabi/4.4.3/crtbegin.o
 .rela.text.http_convertHTMlToAscii
                0x00000000        0x0 c:/devkitpro/devkitppc/bin/../lib/gcc/powerpc-eabi/4.4.3/crtbegin.o
 .rela.text.http_request
                0x00000000        0x0 c:/devkitpro/devkitppc/bin/../lib/gcc/powerpc-eabi/4.4.3/crtbegin.o
 .rela.text.tcp_thread
                0x00000000        0x0 c:/devkitpro/devkitppc/bin/../lib/gcc/powerpc-eabi/4.4.3/crtbegin.o
 .rela.text.GRRLIB_SetLightOff
                0x00000000        0x0 c:/devkitpro/devkitppc/bin/../lib/gcc/powerpc-eabi/4.4.3/crtbegin.o
 .rela.text.GRRLIB_SetLightSpot
                0x00000000        0x0 c:/devkitpro/devkitppc/bin/../lib/gcc/powerpc-eabi/4.4.3/crtbegin.o
 .rela.text.GRRLIB_SetLightSpec
                0x00000000        0x0 c:/devkitpro/devkitppc/bin/../lib/gcc/powerpc-eabi/4.4.3/crtbegin.o
 .rela.text.GRRLIB_SetLightDiff
                0x00000000        0x0 c:/devkitpro/devkitppc/bin/../lib/gcc/powerpc-eabi/4.4.3/crtbegin.o
 .rela.text.GRRLIB_DrawTessPanel
                0x00000000        0x0 c:/devkitpro/devkitppc/bin/../lib/gcc/powerpc-eabi/4.4.3/crtbegin.o
 .rela.text.GRRLIB_DrawCube
                0x00000000        0x0 c:/devkitpro/devkitppc/bin/../lib/gcc/powerpc-eabi/4.4.3/crtbegin.o
 .rela.text.GRRLIB_DrawCone
                0x00000000        0x0 c:/devkitpro/devkitppc/bin/../lib/gcc/powerpc-eabi/4.4.3/crtbegin.o
 .rela.text.GRRLIB_DrawCylinder
                0x00000000        0x0 c:/devkitpro/devkitppc/bin/../lib/gcc/powerpc-eabi/4.4.3/crtbegin.o
 .rela.text.GRRLIB_DrawSphere
                0x00000000        0x0 c:/devkitpro/devkitppc/bin/../lib/gcc/powerpc-eabi/4.4.3/crtbegin.o
 .rela.text.GRRLIB_DrawTorus
                0x00000000        0x0 c:/devkitpro/devkitppc/bin/../lib/gcc/powerpc-eabi/4.4.3/crtbegin.o
 .rela.text.GRRLIB_SetTexture
                0x00000000        0x0 c:/devkitpro/devkitppc/bin/../lib/gcc/powerpc-eabi/4.4.3/crtbegin.o
 .rela.text.GRRLIB_ObjectViewInv
                0x00000000        0x0 c:/devkitpro/devkitppc/bin/../lib/gcc/powerpc-eabi/4.4.3/crtbegin.o
 .rela.text.GRRLIB_ObjectView
                0x00000000        0x0 c:/devkitpro/devkitppc/bin/../lib/gcc/powerpc-eabi/4.4.3/crtbegin.o
 .rela.text.GRRLIB_ObjectViewEnd
                0x00000000        0x0 c:/devkitpro/devkitppc/bin/../lib/gcc/powerpc-eabi/4.4.3/crtbegin.o
 .rela.text.GRRLIB_2dMode
                0x00000000        0x0 c:/devkitpro/devkitppc/bin/../lib/gcc/powerpc-eabi/4.4.3/crtbegin.o
 .rela.text.GRRLIB_3dMode
                0x00000000        0x0 c:/devkitpro/devkitppc/bin/../lib/gcc/powerpc-eabi/4.4.3/crtbegin.o
 .rela.text.GRRLIB_GetBlend
                0x00000000        0x0 c:/devkitpro/devkitppc/bin/../lib/gcc/powerpc-eabi/4.4.3/crtbegin.o
 .rela.text.GRRLIB_SetAntiAliasing
                0x00000000        0x0 c:/devkitpro/devkitppc/bin/../lib/gcc/powerpc-eabi/4.4.3/crtbegin.o
 .rela.text.GRRLIB_GetAntiAliasing
                0x00000000        0x0 c:/devkitpro/devkitppc/bin/../lib/gcc/powerpc-eabi/4.4.3/crtbegin.o
 .rela.text.GRRLIB_SetBlend
                0x00000000        0x0 c:/devkitpro/devkitppc/bin/../lib/gcc/powerpc-eabi/4.4.3/crtbegin.o
 .rela.text.GRRLIB_Init
                0x00000000        0x0 c:/devkitpro/devkitppc/bin/../lib/gcc/powerpc-eabi/4.4.3/crtbegin.o
 .rela.text.GRRLIB_Rectangle
                0x00000000        0x0 c:/devkitpro/devkitppc/bin/../lib/gcc/powerpc-eabi/4.4.3/crtbegin.o
 .rela.text.GRRLIB_Line
                0x00000000        0x0 c:/devkitpro/devkitppc/bin/../lib/gcc/powerpc-eabi/4.4.3/crtbegin.o
 .rela.text.GRRLIB_Plot
                0x00000000        0x0 c:/devkitpro/devkitppc/bin/../lib/gcc/powerpc-eabi/4.4.3/crtbegin.o
 .rela.text.GRRLIB_GXEngine
                0x00000000        0x0 c:/devkitpro/devkitppc/bin/../lib/gcc/powerpc-eabi/4.4.3/crtbegin.o
 .rela.text.GRRLIB_DrawTileQuad
                0x00000000        0x0 c:/devkitpro/devkitppc/bin/../lib/gcc/powerpc-eabi/4.4.3/crtbegin.o
 .rela.text.GRRLIB_DrawImgQuad
                0x00000000        0x0 c:/devkitpro/devkitppc/bin/../lib/gcc/powerpc-eabi/4.4.3/crtbegin.o
 .rela.text.GRRLIB_DrawPart
                0x00000000        0x0 c:/devkitpro/devkitppc/bin/../lib/gcc/powerpc-eabi/4.4.3/crtbegin.o
 .rela.text.GRRLIB_DrawTile
                0x00000000        0x0 c:/devkitpro/devkitppc/bin/../lib/gcc/powerpc-eabi/4.4.3/crtbegin.o
 .rela.text.GRRLIB_DrawImg
                0x00000000        0x0 c:/devkitpro/devkitppc/bin/../lib/gcc/powerpc-eabi/4.4.3/crtbegin.o
 .rela.text.GRRLIB_PrintfTTFW
                0x00000000        0x0 c:/devkitpro/devkitppc/bin/../lib/gcc/powerpc-eabi/4.4.3/crtbegin.o
 .rela.text.fatGetVolumeLabel
                0x00000000        0x0 c:/devkitpro/devkitppc/bin/../lib/gcc/powerpc-eabi/4.4.3/crtbegin.o
 .rela.text.fatUnmount
                0x00000000        0x0 c:/devkitpro/devkitppc/bin/../lib/gcc/powerpc-eabi/4.4.3/crtbegin.o
 .rela.text.fatInit
                0x00000000        0x0 c:/devkitpro/devkitppc/bin/../lib/gcc/powerpc-eabi/4.4.3/crtbegin.o
 .rela.text._FAT_directory_mbsncasecmp
                0x00000000        0x0 c:/devkitpro/devkitppc/bin/../lib/gcc/powerpc-eabi/4.4.3/crtbegin.o
 .rela.text._FAT_directory_ucs2tombs
                0x00000000        0x0 c:/devkitpro/devkitppc/bin/../lib/gcc/powerpc-eabi/4.4.3/crtbegin.o
 .rela.text._FAT_directory_addEntry
                0x00000000        0x0 c:/devkitpro/devkitppc/bin/../lib/gcc/powerpc-eabi/4.4.3/crtbegin.o
 .rela.text.get_io_wiisd
                0x00000000        0x0 c:/devkitpro/devkitppc/bin/../lib/gcc/powerpc-eabi/4.4.3/crtbegin.o
 .rela.text.get_io_usbstorage
                0x00000000        0x0 c:/devkitpro/devkitppc/bin/../lib/gcc/powerpc-eabi/4.4.3/crtbegin.o
 .rela.text.get_io_gcsda
                0x00000000        0x0 c:/devkitpro/devkitppc/bin/../lib/gcc/powerpc-eabi/4.4.3/crtbegin.o
 .rela.text.get_io_gcsdb
                0x00000000        0x0 c:/devkitpro/devkitppc/bin/../lib/gcc/powerpc-eabi/4.4.3/crtbegin.o
 .rela.text.jpeg_stdio_src
                0x00000000        0x0 c:/devkitpro/devkitppc/bin/../lib/gcc/powerpc-eabi/4.4.3/crtbegin.o
 .rela.text.jpeg_mem_src
                0x00000000        0x0 c:/devkitpro/devkitppc/bin/../lib/gcc/powerpc-eabi/4.4.3/crtbegin.o
 .rela.text.consume_markers
                0x00000000        0x0 c:/devkitpro/devkitppc/bin/../lib/gcc/powerpc-eabi/4.4.3/crtbegin.o
 .rela.text.read_markers
                0x00000000        0x0 c:/devkitpro/devkitppc/bin/../lib/gcc/powerpc-eabi/4.4.3/crtbegin.o
 .rela.text.output_message
                0x00000000        0x0 c:/devkitpro/devkitppc/bin/../lib/gcc/powerpc-eabi/4.4.3/crtbegin.o
 .rela.text.arith_decode
                0x00000000        0x0 c:/devkitpro/devkitppc/bin/../lib/gcc/powerpc-eabi/4.4.3/crtbegin.o
 .rela.text.start_pass
                0x00000000        0x0 c:/devkitpro/devkitppc/bin/../lib/gcc/powerpc-eabi/4.4.3/crtbegin.o
 .rela.text.png_warning
                0x00000000        0x0 c:/devkitpro/devkitppc/bin/../lib/gcc/powerpc-eabi/4.4.3/crtbegin.o
 .rela.text.png_error
                0x00000000        0x0 c:/devkitpro/devkitppc/bin/../lib/gcc/powerpc-eabi/4.4.3/crtbegin.o
 .rela.text.png_create_read_struct_2
                0x00000000        0x0 c:/devkitpro/devkitppc/bin/../lib/gcc/powerpc-eabi/4.4.3/crtbegin.o
 .rela.text.png_handle_sRGB
                0x00000000        0x0 c:/devkitpro/devkitppc/bin/../lib/gcc/powerpc-eabi/4.4.3/crtbegin.o
 .rela.text.png_handle_cHRM
                0x00000000        0x0 c:/devkitpro/devkitppc/bin/../lib/gcc/powerpc-eabi/4.4.3/crtbegin.o
 .rela.text.png_handle_gAMA
                0x00000000        0x0 c:/devkitpro/devkitppc/bin/../lib/gcc/powerpc-eabi/4.4.3/crtbegin.o
 .rela.text.png_create_write_struct_2
                0x00000000        0x0 c:/devkitpro/devkitppc/bin/../lib/gcc/powerpc-eabi/4.4.3/crtbegin.o
 .rela.text.deflate_slow
                0x00000000        0x0 c:/devkitpro/devkitppc/bin/../lib/gcc/powerpc-eabi/4.4.3/crtbegin.o
 .rela.text.deflate_fast
                0x00000000        0x0 c:/devkitpro/devkitppc/bin/../lib/gcc/powerpc-eabi/4.4.3/crtbegin.o
 .rela.text.deflate
                0x00000000        0x0 c:/devkitpro/devkitppc/bin/../lib/gcc/powerpc-eabi/4.4.3/crtbegin.o
 .rela.text.deflateInit2_
                0x00000000        0x0 c:/devkitpro/devkitppc/bin/../lib/gcc/powerpc-eabi/4.4.3/crtbegin.o
 .rela.text.inflateInit2_
                0x00000000        0x0 c:/devkitpro/devkitppc/bin/../lib/gcc/powerpc-eabi/4.4.3/crtbegin.o
 .rela.text.effect_handler
                0x00000000        0x0 c:/devkitpro/devkitppc/bin/../lib/gcc/powerpc-eabi/4.4.3/crtbegin.o
 .rela.text.wiiuse_handshake_expansion
                0x00000000        0x0 c:/devkitpro/devkitppc/bin/../lib/gcc/powerpc-eabi/4.4.3/crtbegin.o
 .rela.text.wiiuse_handshake
                0x00000000        0x0 c:/devkitpro/devkitppc/bin/../lib/gcc/powerpc-eabi/4.4.3/crtbegin.o
 .rela.text.wiiuse_init_cmd_queue
                0x00000000        0x0 c:/devkitpro/devkitppc/bin/../lib/gcc/powerpc-eabi/4.4.3/crtbegin.o
 .rela.text.wiiuse_init
                0x00000000        0x0 c:/devkitpro/devkitppc/bin/../lib/gcc/powerpc-eabi/4.4.3/crtbegin.o
 .rela.text.bt_alarmhandler
                0x00000000        0x0 c:/devkitpro/devkitppc/bin/../lib/gcc/powerpc-eabi/4.4.3/crtbegin.o
 .rela.text.__lwp_rotate_readyqueue
                0x00000000        0x0 c:/devkitpro/devkitppc/bin/../lib/gcc/powerpc-eabi/4.4.3/crtbegin.o
 .rela.text.__lwp_thread_setstate
                0x00000000        0x0 c:/devkitpro/devkitppc/bin/../lib/gcc/powerpc-eabi/4.4.3/crtbegin.o
 .rela.text.__lwp_thread_setpriority
                0x00000000        0x0 c:/devkitpro/devkitppc/bin/../lib/gcc/powerpc-eabi/4.4.3/crtbegin.o
 .rela.text.__lwp_thread_suspend
                0x00000000        0x0 c:/devkitpro/devkitppc/bin/../lib/gcc/powerpc-eabi/4.4.3/crtbegin.o
 .rela.text.__lwp_thread_changepriority
                0x00000000        0x0 c:/devkitpro/devkitppc/bin/../lib/gcc/powerpc-eabi/4.4.3/crtbegin.o
 .rela.text.__lwp_thread_ready
                0x00000000        0x0 c:/devkitpro/devkitppc/bin/../lib/gcc/powerpc-eabi/4.4.3/crtbegin.o
 .rela.text.__lwp_thread_coreinit
                0x00000000        0x0 c:/devkitpro/devkitppc/bin/../lib/gcc/powerpc-eabi/4.4.3/crtbegin.o
 .rela.text.__lwp_thread_stopmultitasking
                0x00000000        0x0 c:/devkitpro/devkitppc/bin/../lib/gcc/powerpc-eabi/4.4.3/crtbegin.o
 .rela.text.__lwp_thread_close
                0x00000000        0x0 c:/devkitpro/devkitppc/bin/../lib/gcc/powerpc-eabi/4.4.3/crtbegin.o
 .rela.text.__lwp_thread_closeall
                0x00000000        0x0 c:/devkitpro/devkitppc/bin/../lib/gcc/powerpc-eabi/4.4.3/crtbegin.o
 .rela.text.__lwp_thread_startmultitasking
                0x00000000        0x0 c:/devkitpro/devkitppc/bin/../lib/gcc/powerpc-eabi/4.4.3/crtbegin.o
 .rela.text.__lwp_thread_tickle_timeslice
                0x00000000        0x0 c:/devkitpro/devkitppc/bin/../lib/gcc/powerpc-eabi/4.4.3/crtbegin.o
 .rela.text.LWP_InitQueue
                0x00000000        0x0 c:/devkitpro/devkitppc/bin/../lib/gcc/powerpc-eabi/4.4.3/crtbegin.o
 .rela.text.LWP_CreateThread
                0x00000000        0x0 c:/devkitpro/devkitppc/bin/../lib/gcc/powerpc-eabi/4.4.3/crtbegin.o
 .rela.text.__lwp_thread_context
                0x00000000        0x0 c:/devkitpro/devkitppc/bin/../lib/gcc/powerpc-eabi/4.4.3/crtbegin.o
 .rela.text.__lwp_thread_exists
                0x00000000        0x0 c:/devkitpro/devkitppc/bin/../lib/gcc/powerpc-eabi/4.4.3/crtbegin.o
 .rela.text.__lwp_thread_isalive
                0x00000000        0x0 c:/devkitpro/devkitppc/bin/../lib/gcc/powerpc-eabi/4.4.3/crtbegin.o
 .rela.text.__lwp_sysinit
                0x00000000        0x0 c:/devkitpro/devkitppc/bin/../lib/gcc/powerpc-eabi/4.4.3/crtbegin.o
 .rela.text.LWP_ThreadBroadcast
                0x00000000        0x0 c:/devkitpro/devkitppc/bin/../lib/gcc/powerpc-eabi/4.4.3/crtbegin.o
 .rela.text.LWP_CloseQueue
                0x00000000        0x0 c:/devkitpro/devkitppc/bin/../lib/gcc/powerpc-eabi/4.4.3/crtbegin.o
 .rela.text.LWP_ThreadSignal
                0x00000000        0x0 c:/devkitpro/devkitppc/bin/../lib/gcc/powerpc-eabi/4.4.3/crtbegin.o
 .rela.text.LWP_SetThreadPriority
                0x00000000        0x0 c:/devkitpro/devkitppc/bin/../lib/gcc/powerpc-eabi/4.4.3/crtbegin.o
 .rela.text.LWP_ThreadIsSuspended
                0x00000000        0x0 c:/devkitpro/devkitppc/bin/../lib/gcc/powerpc-eabi/4.4.3/crtbegin.o
 .rela.text.LWP_ThreadSleep
                0x00000000        0x0 c:/devkitpro/devkitppc/bin/../lib/gcc/powerpc-eabi/4.4.3/crtbegin.o
 .rela.text.LWP_SuspendThread
                0x00000000        0x0 c:/devkitpro/devkitppc/bin/../lib/gcc/powerpc-eabi/4.4.3/crtbegin.o
 .rela.text.LWP_ResumeThread
                0x00000000        0x0 c:/devkitpro/devkitppc/bin/../lib/gcc/powerpc-eabi/4.4.3/crtbegin.o
 .rela.text.LWP_JoinThread
                0x00000000        0x0 c:/devkitpro/devkitppc/bin/../lib/gcc/powerpc-eabi/4.4.3/crtbegin.o
 .rela.text.__lwp_stack_free
                0x00000000        0x0 c:/devkitpro/devkitppc/bin/../lib/gcc/powerpc-eabi/4.4.3/crtbegin.o
 .rela.text.__lwp_stack_allocate
                0x00000000        0x0 c:/devkitpro/devkitppc/bin/../lib/gcc/powerpc-eabi/4.4.3/crtbegin.o
 .rela.text.__lwp_watchdog_init
                0x00000000        0x0 c:/devkitpro/devkitppc/bin/../lib/gcc/powerpc-eabi/4.4.3/crtbegin.o
 .rela.text.__lwp_wd_tickle
                0x00000000        0x0 c:/devkitpro/devkitppc/bin/../lib/gcc/powerpc-eabi/4.4.3/crtbegin.o
 .rela.text.__lwp_wkspace_init
                0x00000000        0x0 c:/devkitpro/devkitppc/bin/../lib/gcc/powerpc-eabi/4.4.3/crtbegin.o
 .rela.text.__lwp_wkspace_heapused
                0x00000000        0x0 c:/devkitpro/devkitppc/bin/../lib/gcc/powerpc-eabi/4.4.3/crtbegin.o
 .rela.text.__lwp_wkspace_heapfree
                0x00000000        0x0 c:/devkitpro/devkitppc/bin/../lib/gcc/powerpc-eabi/4.4.3/crtbegin.o
 .rela.text.__lwp_objmgr_initinfo
                0x00000000        0x0 c:/devkitpro/devkitppc/bin/../lib/gcc/powerpc-eabi/4.4.3/crtbegin.o
 .rela.text.__irq_init
                0x00000000        0x0 c:/devkitpro/devkitppc/bin/../lib/gcc/powerpc-eabi/4.4.3/crtbegin.o
 .rela.text.LWP_MutexUnlock
                0x00000000        0x0 c:/devkitpro/devkitppc/bin/../lib/gcc/powerpc-eabi/4.4.3/crtbegin.o
 .rela.text.LWP_MutexDestroy
                0x00000000        0x0 c:/devkitpro/devkitppc/bin/../lib/gcc/powerpc-eabi/4.4.3/crtbegin.o
 .rela.text.LWP_MutexInit
                0x00000000        0x0 c:/devkitpro/devkitppc/bin/../lib/gcc/powerpc-eabi/4.4.3/crtbegin.o
 .rela.text.__lwp_mutex_init
                0x00000000        0x0 c:/devkitpro/devkitppc/bin/../lib/gcc/powerpc-eabi/4.4.3/crtbegin.o
 .rela.text.T.30
                0x00000000        0x0 c:/devkitpro/devkitppc/bin/../lib/gcc/powerpc-eabi/4.4.3/crtbegin.o
 .rela.text.__call_resetfuncs
                0x00000000        0x0 c:/devkitpro/devkitppc/bin/../lib/gcc/powerpc-eabi/4.4.3/crtbegin.o
 .rela.text.__SYS_LockSram
                0x00000000        0x0 c:/devkitpro/devkitppc/bin/../lib/gcc/powerpc-eabi/4.4.3/crtbegin.o
 .rela.text.__SYS_LockSramEx
                0x00000000        0x0 c:/devkitpro/devkitppc/bin/../lib/gcc/powerpc-eabi/4.4.3/crtbegin.o
 .rela.text.__SYS_SyncSram
                0x00000000        0x0 c:/devkitpro/devkitppc/bin/../lib/gcc/powerpc-eabi/4.4.3/crtbegin.o
 .rela.text.__sys_alarmhandler
                0x00000000        0x0 c:/devkitpro/devkitppc/bin/../lib/gcc/powerpc-eabi/4.4.3/crtbegin.o
 .rela.text.__unlocksram
                0x00000000        0x0 c:/devkitpro/devkitppc/bin/../lib/gcc/powerpc-eabi/4.4.3/crtbegin.o
 .rela.text.SYS_GetWirelessID
                0x00000000        0x0 c:/devkitpro/devkitppc/bin/../lib/gcc/powerpc-eabi/4.4.3/crtbegin.o
 .rela.text.SYS_SetWirelessID
                0x00000000        0x0 c:/devkitpro/devkitppc/bin/../lib/gcc/powerpc-eabi/4.4.3/crtbegin.o
 .rela.text.__SYS_SetBootTime
                0x00000000        0x0 c:/devkitpro/devkitppc/bin/../lib/gcc/powerpc-eabi/4.4.3/crtbegin.o
 .rela.text.__sram_writecallback
                0x00000000        0x0 c:/devkitpro/devkitppc/bin/../lib/gcc/powerpc-eabi/4.4.3/crtbegin.o
 .rela.text.__sram_init
                0x00000000        0x0 c:/devkitpro/devkitppc/bin/../lib/gcc/powerpc-eabi/4.4.3/crtbegin.o
 .rela.text.SYS_Init
                0x00000000        0x0 c:/devkitpro/devkitppc/bin/../lib/gcc/powerpc-eabi/4.4.3/crtbegin.o
 .rela.text.SYS_CancelAlarm
                0x00000000        0x0 c:/devkitpro/devkitppc/bin/../lib/gcc/powerpc-eabi/4.4.3/crtbegin.o
 .rela.text.SYS_RemoveAlarm
                0x00000000        0x0 c:/devkitpro/devkitppc/bin/../lib/gcc/powerpc-eabi/4.4.3/crtbegin.o
 .rela.text.SYS_SetPeriodicAlarm
                0x00000000        0x0 c:/devkitpro/devkitppc/bin/../lib/gcc/powerpc-eabi/4.4.3/crtbegin.o
 .rela.text.SYS_SetAlarm
                0x00000000        0x0 c:/devkitpro/devkitppc/bin/../lib/gcc/powerpc-eabi/4.4.3/crtbegin.o
 .rela.text.__lwp_cond_init
                0x00000000        0x0 c:/devkitpro/devkitppc/bin/../lib/gcc/powerpc-eabi/4.4.3/crtbegin.o
 .rela.text.__lwp_cond_signalsupp
                0x00000000        0x0 c:/devkitpro/devkitppc/bin/../lib/gcc/powerpc-eabi/4.4.3/crtbegin.o
 .rela.text.LWP_CondDestroy
                0x00000000        0x0 c:/devkitpro/devkitppc/bin/../lib/gcc/powerpc-eabi/4.4.3/crtbegin.o
 .rela.text.T.31
                0x00000000        0x0 c:/devkitpro/devkitppc/bin/../lib/gcc/powerpc-eabi/4.4.3/crtbegin.o
 .rela.text.LWP_CondInit
                0x00000000        0x0 c:/devkitpro/devkitppc/bin/../lib/gcc/powerpc-eabi/4.4.3/crtbegin.o
 .rela.text.GX_EndDispList
                0x00000000        0x0 c:/devkitpro/devkitppc/bin/../lib/gcc/powerpc-eabi/4.4.3/crtbegin.o
 .rela.text.GX_BeginDispList
                0x00000000        0x0 c:/devkitpro/devkitppc/bin/../lib/gcc/powerpc-eabi/4.4.3/crtbegin.o
 .rela.text.GX_Init
                0x00000000        0x0 c:/devkitpro/devkitppc/bin/../lib/gcc/powerpc-eabi/4.4.3/crtbegin.o
 .rela.text.c_decrementer_handler
                0x00000000        0x0 c:/devkitpro/devkitppc/bin/../lib/gcc/powerpc-eabi/4.4.3/crtbegin.o
 .rela.text.__lwp_mqbox_init
                0x00000000        0x0 c:/devkitpro/devkitppc/bin/../lib/gcc/powerpc-eabi/4.4.3/crtbegin.o
 .rela.text.MQ_Receive
                0x00000000        0x0 c:/devkitpro/devkitppc/bin/../lib/gcc/powerpc-eabi/4.4.3/crtbegin.o
 .rela.text.MQ_Close
                0x00000000        0x0 c:/devkitpro/devkitppc/bin/../lib/gcc/powerpc-eabi/4.4.3/crtbegin.o
 .rela.text.MQ_Jam
                0x00000000        0x0 c:/devkitpro/devkitppc/bin/../lib/gcc/powerpc-eabi/4.4.3/crtbegin.o
 .rela.text.MQ_Send
                0x00000000        0x0 c:/devkitpro/devkitppc/bin/../lib/gcc/powerpc-eabi/4.4.3/crtbegin.o
 .rela.text.MQ_Init
                0x00000000        0x0 c:/devkitpro/devkitppc/bin/../lib/gcc/powerpc-eabi/4.4.3/crtbegin.o
 .rela.text.__ioctlvfmtCB
                0x00000000        0x0 c:/devkitpro/devkitppc/bin/../lib/gcc/powerpc-eabi/4.4.3/crtbegin.o
 .rela.text.__ios_ioctlvformat_parse
                0x00000000        0x0 c:/devkitpro/devkitppc/bin/../lib/gcc/powerpc-eabi/4.4.3/crtbegin.o
 .rela.text.IOS_IoctlvFormatAsync
                0x00000000        0x0 c:/devkitpro/devkitppc/bin/../lib/gcc/powerpc-eabi/4.4.3/crtbegin.o
 .rela.text.IOS_IoctlvFormat
                0x00000000        0x0 c:/devkitpro/devkitppc/bin/../lib/gcc/powerpc-eabi/4.4.3/crtbegin.o
 .rela.text.nanosleep
                0x00000000        0x0 c:/devkitpro/devkitppc/bin/../lib/gcc/powerpc-eabi/4.4.3/crtbegin.o
 .rela.text.__libc_init
                0x00000000        0x0 c:/devkitpro/devkitppc/bin/../lib/gcc/powerpc-eabi/4.4.3/crtbegin.o
 .rela.text.__libc_wrapup
                0x00000000        0x0 c:/devkitpro/devkitppc/bin/../lib/gcc/powerpc-eabi/4.4.3/crtbegin.o
 .rela.text.__libc_delete_hook
                0x00000000        0x0 c:/devkitpro/devkitppc/bin/../lib/gcc/powerpc-eabi/4.4.3/crtbegin.o
 .rela.text.__CheckARGV
                0x00000000        0x0 c:/devkitpro/devkitppc/bin/../lib/gcc/powerpc-eabi/4.4.3/crtbegin.o
 .rela.text.__lwp_priority_init
                0x00000000        0x0 c:/devkitpro/devkitppc/bin/../lib/gcc/powerpc-eabi/4.4.3/crtbegin.o
 .rela.text.__lwp_threadqueue_enqueuefifo
                0x00000000        0x0 c:/devkitpro/devkitppc/bin/../lib/gcc/powerpc-eabi/4.4.3/crtbegin.o
 .rela.text.__lwp_threadqueue_dequeuefifo
                0x00000000        0x0 c:/devkitpro/devkitppc/bin/../lib/gcc/powerpc-eabi/4.4.3/crtbegin.o
 .rela.text.__lwp_threadqueue_extractpriority
                0x00000000        0x0 c:/devkitpro/devkitppc/bin/../lib/gcc/powerpc-eabi/4.4.3/crtbegin.o
 .rela.text.__lwp_threadqueue_dequeuepriority
                0x00000000        0x0 c:/devkitpro/devkitppc/bin/../lib/gcc/powerpc-eabi/4.4.3/crtbegin.o
 .rela.text.__lwp_threadqueue_extractfifo
                0x00000000        0x0 c:/devkitpro/devkitppc/bin/../lib/gcc/powerpc-eabi/4.4.3/crtbegin.o
 .rela.text.__lwp_threadqueue_enqueuepriority
                0x00000000        0x0 c:/devkitpro/devkitppc/bin/../lib/gcc/powerpc-eabi/4.4.3/crtbegin.o
 .rela.text.__lwp_threadqueue_enqueue
                0x00000000        0x0 c:/devkitpro/devkitppc/bin/../lib/gcc/powerpc-eabi/4.4.3/crtbegin.o
 .rela.text.__lwpmq_close
                0x00000000        0x0 c:/devkitpro/devkitppc/bin/../lib/gcc/powerpc-eabi/4.4.3/crtbegin.o
 .rela.text.__lwpmq_initialize
                0x00000000        0x0 c:/devkitpro/devkitppc/bin/../lib/gcc/powerpc-eabi/4.4.3/crtbegin.o
 .rela.text.__exception_sethandler
                0x00000000        0x0 c:/devkitpro/devkitppc/bin/../lib/gcc/powerpc-eabi/4.4.3/crtbegin.o
 .rela.text.__exception_init
                0x00000000        0x0 c:/devkitpro/devkitppc/bin/../lib/gcc/powerpc-eabi/4.4.3/crtbegin.o
 .rela.text.__systemcall_init
                0x00000000        0x0 c:/devkitpro/devkitppc/bin/../lib/gcc/powerpc-eabi/4.4.3/crtbegin.o
 .rela.text.__lwp_sema_init
                0x00000000        0x0 c:/devkitpro/devkitppc/bin/../lib/gcc/powerpc-eabi/4.4.3/crtbegin.o
 .rela.text.LWP_SemWait
                0x00000000        0x0 c:/devkitpro/devkitppc/bin/../lib/gcc/powerpc-eabi/4.4.3/crtbegin.o
 .rela.text.LWP_SemDestroy
                0x00000000        0x0 c:/devkitpro/devkitppc/bin/../lib/gcc/powerpc-eabi/4.4.3/crtbegin.o
 .rela.text.LWP_SemPost
                0x00000000        0x0 c:/devkitpro/devkitppc/bin/../lib/gcc/powerpc-eabi/4.4.3/crtbegin.o
 .rela.text.LWP_SemInit
                0x00000000        0x0 c:/devkitpro/devkitppc/bin/../lib/gcc/powerpc-eabi/4.4.3/crtbegin.o
 .rela.text.kprintf
                0x00000000        0x0 c:/devkitpro/devkitppc/bin/../lib/gcc/powerpc-eabi/4.4.3/crtbegin.o
 .rela.text.__card_readcid
                0x00000000        0x0 c:/devkitpro/devkitppc/bin/../lib/gcc/powerpc-eabi/4.4.3/crtbegin.o
 .rela.text.__card_readcsd
                0x00000000        0x0 c:/devkitpro/devkitppc/bin/../lib/gcc/powerpc-eabi/4.4.3/crtbegin.o
 .rela.text.__card_sd_status
                0x00000000        0x0 c:/devkitpro/devkitppc/bin/../lib/gcc/powerpc-eabi/4.4.3/crtbegin.o
 .rela.text.sdgecko_initIO
                0x00000000        0x0 c:/devkitpro/devkitppc/bin/../lib/gcc/powerpc-eabi/4.4.3/crtbegin.o
 .rela.text.CON_EnableGecko
                0x00000000        0x0 c:/devkitpro/devkitppc/bin/../lib/gcc/powerpc-eabi/4.4.3/crtbegin.o
 .rela.text.__console_init
                0x00000000        0x0 c:/devkitpro/devkitppc/bin/../lib/gcc/powerpc-eabi/4.4.3/crtbegin.o
 .rela.text.__console_init_ex
                0x00000000        0x0 c:/devkitpro/devkitppc/bin/../lib/gcc/powerpc-eabi/4.4.3/crtbegin.o
 .rela.text.__cxa_call_unexpected
                0x00000000        0x0 c:/devkitpro/devkitppc/bin/../lib/gcc/powerpc-eabi/4.4.3/crtbegin.o
 .rela.text.__gxx_personality_v0
                0x00000000        0x0 c:/devkitpro/devkitppc/bin/../lib/gcc/powerpc-eabi/4.4.3/crtbegin.o
 .rela.text._ZSt13set_terminatePFvvE
                0x00000000        0x0 c:/devkitpro/devkitppc/bin/../lib/gcc/powerpc-eabi/4.4.3/crtbegin.o
 .rela.text._ZSt14set_unexpectedPFvvE
                0x00000000        0x0 c:/devkitpro/devkitppc/bin/../lib/gcc/powerpc-eabi/4.4.3/crtbegin.o
 .rela.text._ZSt9terminatev
                0x00000000        0x0 c:/devkitpro/devkitppc/bin/../lib/gcc/powerpc-eabi/4.4.3/crtbegin.o
 .rela.text._ZSt10unexpectedv
                0x00000000        0x0 c:/devkitpro/devkitppc/bin/../lib/gcc/powerpc-eabi/4.4.3/crtbegin.o
 .rela.text.__cxa_throw
                0x00000000        0x0 c:/devkitpro/devkitppc/bin/../lib/gcc/powerpc-eabi/4.4.3/crtbegin.o
 .rela.text._Znwj
                0x00000000        0x0 c:/devkitpro/devkitppc/bin/../lib/gcc/powerpc-eabi/4.4.3/crtbegin.o
 .rela.text._ZN9__gnu_cxx27__verbose_terminate_handlerEv
                0x00000000        0x0 c:/devkitpro/devkitppc/bin/../lib/gcc/powerpc-eabi/4.4.3/crtbegin.o
 .rela.text._ZNSt9exceptionD2Ev
                0x00000000        0x0 c:/devkitpro/devkitppc/bin/../lib/gcc/powerpc-eabi/4.4.3/crtbegin.o
 .rela.text._ZNSt9exceptionD1Ev
                0x00000000        0x0 c:/devkitpro/devkitppc/bin/../lib/gcc/powerpc-eabi/4.4.3/crtbegin.o
 .rela.text._ZNSt13bad_exceptionD2Ev
                0x00000000        0x0 c:/devkitpro/devkitppc/bin/../lib/gcc/powerpc-eabi/4.4.3/crtbegin.o
 .rela.text._ZNSt13bad_exceptionD1Ev
                0x00000000        0x0 c:/devkitpro/devkitppc/bin/../lib/gcc/powerpc-eabi/4.4.3/crtbegin.o
 .rela.text._ZN10__cxxabiv115__forced_unwindD2Ev
                0x00000000        0x0 c:/devkitpro/devkitppc/bin/../lib/gcc/powerpc-eabi/4.4.3/crtbegin.o
 .rela.text._ZN10__cxxabiv115__forced_unwindD1Ev
                0x00000000        0x0 c:/devkitpro/devkitppc/bin/../lib/gcc/powerpc-eabi/4.4.3/crtbegin.o
 .rela.text._ZN10__cxxabiv119__foreign_exceptionD2Ev
                0x00000000        0x0 c:/devkitpro/devkitppc/bin/../lib/gcc/powerpc-eabi/4.4.3/crtbegin.o
 .rela.text._ZN10__cxxabiv119__foreign_exceptionD1Ev
                0x00000000        0x0 c:/devkitpro/devkitppc/bin/../lib/gcc/powerpc-eabi/4.4.3/crtbegin.o
 .rela.text._ZN10__cxxabiv119__foreign_exceptionD0Ev
                0x00000000        0x0 c:/devkitpro/devkitppc/bin/../lib/gcc/powerpc-eabi/4.4.3/crtbegin.o
 .rela.text._ZN10__cxxabiv115__forced_unwindD0Ev
                0x00000000        0x0 c:/devkitpro/devkitppc/bin/../lib/gcc/powerpc-eabi/4.4.3/crtbegin.o
 .rela.text._ZNSt9exceptionD0Ev
                0x00000000        0x0 c:/devkitpro/devkitppc/bin/../lib/gcc/powerpc-eabi/4.4.3/crtbegin.o
 .rela.text._ZNSt13bad_exceptionD0Ev
                0x00000000        0x0 c:/devkitpro/devkitppc/bin/../lib/gcc/powerpc-eabi/4.4.3/crtbegin.o
 .rela.text._ZNSt9bad_allocD1Ev
                0x00000000        0x0 c:/devkitpro/devkitppc/bin/../lib/gcc/powerpc-eabi/4.4.3/crtbegin.o
 .rela.text._ZNSt9bad_allocD2Ev
                0x00000000        0x0 c:/devkitpro/devkitppc/bin/../lib/gcc/powerpc-eabi/4.4.3/crtbegin.o
 .rela.text._ZNSt9bad_allocD0Ev
                0x00000000        0x0 c:/devkitpro/devkitppc/bin/../lib/gcc/powerpc-eabi/4.4.3/crtbegin.o
 .rela.text._ZN10__cxxabiv120__si_class_type_infoD1Ev
                0x00000000        0x0 c:/devkitpro/devkitppc/bin/../lib/gcc/powerpc-eabi/4.4.3/crtbegin.o
 .rela.text._ZN10__cxxabiv120__si_class_type_infoD2Ev
                0x00000000        0x0 c:/devkitpro/devkitppc/bin/../lib/gcc/powerpc-eabi/4.4.3/crtbegin.o
 .rela.text._ZN10__cxxabiv120__si_class_type_infoD0Ev
                0x00000000        0x0 c:/devkitpro/devkitppc/bin/../lib/gcc/powerpc-eabi/4.4.3/crtbegin.o
 .rela.text._ZNSt9type_infoD2Ev
                0x00000000        0x0 c:/devkitpro/devkitppc/bin/../lib/gcc/powerpc-eabi/4.4.3/crtbegin.o
 .rela.text._ZNSt9type_infoD1Ev
                0x00000000        0x0 c:/devkitpro/devkitppc/bin/../lib/gcc/powerpc-eabi/4.4.3/crtbegin.o
 .rela.text._ZNSt9type_infoD0Ev
                0x00000000        0x0 c:/devkitpro/devkitppc/bin/../lib/gcc/powerpc-eabi/4.4.3/crtbegin.o
 .rela.text._ZN10__cxxabiv117__class_type_infoD1Ev
                0x00000000        0x0 c:/devkitpro/devkitppc/bin/../lib/gcc/powerpc-eabi/4.4.3/crtbegin.o
 .rela.text._ZN10__cxxabiv117__class_type_infoD2Ev
                0x00000000        0x0 c:/devkitpro/devkitppc/bin/../lib/gcc/powerpc-eabi/4.4.3/crtbegin.o
 .rela.text._ZN10__cxxabiv117__class_type_infoD0Ev
                0x00000000        0x0 c:/devkitpro/devkitppc/bin/../lib/gcc/powerpc-eabi/4.4.3/crtbegin.o
 .rela.text.atangent
                0x00000000        0x0 c:/devkitpro/devkitppc/bin/../lib/gcc/powerpc-eabi/4.4.3/crtbegin.o
 .rela.text.calloc
                0x00000000        0x0 c:/devkitpro/devkitppc/bin/../lib/gcc/powerpc-eabi/4.4.3/crtbegin.o
 .rela.text.__errno
                0x00000000        0x0 c:/devkitpro/devkitppc/bin/../lib/gcc/powerpc-eabi/4.4.3/crtbegin.o
 .rela.text.exit
                0x00000000        0x0 c:/devkitpro/devkitppc/bin/../lib/gcc/powerpc-eabi/4.4.3/crtbegin.o
 .rela.text.fclose
                0x00000000        0x0 c:/devkitpro/devkitppc/bin/../lib/gcc/powerpc-eabi/4.4.3/crtbegin.o
 .rela.text.fflush
                0x00000000        0x0 c:/devkitpro/devkitppc/bin/../lib/gcc/powerpc-eabi/4.4.3/crtbegin.o
 .rela.text._cleanup
                0x00000000        0x0 c:/devkitpro/devkitppc/bin/../lib/gcc/powerpc-eabi/4.4.3/crtbegin.o
 .rela.text.__fp_unlock_all
                0x00000000        0x0 c:/devkitpro/devkitppc/bin/../lib/gcc/powerpc-eabi/4.4.3/crtbegin.o
 .rela.text.__fp_lock_all
                0x00000000        0x0 c:/devkitpro/devkitppc/bin/../lib/gcc/powerpc-eabi/4.4.3/crtbegin.o
 .rela.text.std
                0x00000000        0x0 c:/devkitpro/devkitppc/bin/../lib/gcc/powerpc-eabi/4.4.3/crtbegin.o
 .rela.text.__sfp
                0x00000000        0x0 c:/devkitpro/devkitppc/bin/../lib/gcc/powerpc-eabi/4.4.3/crtbegin.o
 .rela.text._fopen_r
                0x00000000        0x0 c:/devkitpro/devkitppc/bin/../lib/gcc/powerpc-eabi/4.4.3/crtbegin.o
 .rela.text.fopen
                0x00000000        0x0 c:/devkitpro/devkitppc/bin/../lib/gcc/powerpc-eabi/4.4.3/crtbegin.o
 .rela.text.fprintf
                0x00000000        0x0 c:/devkitpro/devkitppc/bin/../lib/gcc/powerpc-eabi/4.4.3/crtbegin.o
 .rela.text.fputc
                0x00000000        0x0 c:/devkitpro/devkitppc/bin/../lib/gcc/powerpc-eabi/4.4.3/crtbegin.o
 .rela.text.fputs
                0x00000000        0x0 c:/devkitpro/devkitppc/bin/../lib/gcc/powerpc-eabi/4.4.3/crtbegin.o
 .rela.text.fread
                0x00000000        0x0 c:/devkitpro/devkitppc/bin/../lib/gcc/powerpc-eabi/4.4.3/crtbegin.o
 .rela.text._malloc_trim_r
                0x00000000        0x0 c:/devkitpro/devkitppc/bin/../lib/gcc/powerpc-eabi/4.4.3/crtbegin.o
 .rela.text._free_r
                0x00000000        0x0 c:/devkitpro/devkitppc/bin/../lib/gcc/powerpc-eabi/4.4.3/crtbegin.o
 .rela.text._fseek_r
                0x00000000        0x0 c:/devkitpro/devkitppc/bin/../lib/gcc/powerpc-eabi/4.4.3/crtbegin.o
 .rela.text.fseek
                0x00000000        0x0 c:/devkitpro/devkitppc/bin/../lib/gcc/powerpc-eabi/4.4.3/crtbegin.o
 .rela.text.ftell
                0x00000000        0x0 c:/devkitpro/devkitppc/bin/../lib/gcc/powerpc-eabi/4.4.3/crtbegin.o
 .rela.text.fwrite
                0x00000000        0x0 c:/devkitpro/devkitppc/bin/../lib/gcc/powerpc-eabi/4.4.3/crtbegin.o
 .rela.text.getenv
                0x00000000        0x0 c:/devkitpro/devkitppc/bin/../lib/gcc/powerpc-eabi/4.4.3/crtbegin.o
 .rela.text._findenv
                0x00000000        0x0 c:/devkitpro/devkitppc/bin/../lib/gcc/powerpc-eabi/4.4.3/crtbegin.o
 .rela.text._findenv_r
                0x00000000        0x0 c:/devkitpro/devkitppc/bin/../lib/gcc/powerpc-eabi/4.4.3/crtbegin.o
 .rela.text.gmtime
                0x00000000        0x0 c:/devkitpro/devkitppc/bin/../lib/gcc/powerpc-eabi/4.4.3/crtbegin.o
 .rela.text.loadlocale
                0x00000000        0x0 c:/devkitpro/devkitppc/bin/../lib/gcc/powerpc-eabi/4.4.3/crtbegin.o
 .rela.text.__smakebuf_r
                0x00000000        0x0 c:/devkitpro/devkitppc/bin/../lib/gcc/powerpc-eabi/4.4.3/crtbegin.o
 .rela.text.mbrtowc
                0x00000000        0x0 c:/devkitpro/devkitppc/bin/../lib/gcc/powerpc-eabi/4.4.3/crtbegin.o
 .rela.text._mbrtowc_r
                0x00000000        0x0 c:/devkitpro/devkitppc/bin/../lib/gcc/powerpc-eabi/4.4.3/crtbegin.o
 .rela.text._mbstowcs_r
                0x00000000        0x0 c:/devkitpro/devkitppc/bin/../lib/gcc/powerpc-eabi/4.4.3/crtbegin.o
 .rela.text.mktime
                0x00000000        0x0 c:/devkitpro/devkitppc/bin/../lib/gcc/powerpc-eabi/4.4.3/crtbegin.o
 .rela.text._mktm_r
                0x00000000        0x0 c:/devkitpro/devkitppc/bin/../lib/gcc/powerpc-eabi/4.4.3/crtbegin.o
 .rela.text._sscanf_r
                0x00000000        0x0 c:/devkitpro/devkitppc/bin/../lib/gcc/powerpc-eabi/4.4.3/crtbegin.o
 .rela.text.sscanf
                0x00000000        0x0 c:/devkitpro/devkitppc/bin/../lib/gcc/powerpc-eabi/4.4.3/crtbegin.o
 .rela.text._strtod_r
                0x00000000        0x0 c:/devkitpro/devkitppc/bin/../lib/gcc/powerpc-eabi/4.4.3/crtbegin.o
 .rela.text.wcrtomb
                0x00000000        0x0 c:/devkitpro/devkitppc/bin/../lib/gcc/powerpc-eabi/4.4.3/crtbegin.o
 .rela.text._wcrtomb_r
                0x00000000        0x0 c:/devkitpro/devkitppc/bin/../lib/gcc/powerpc-eabi/4.4.3/crtbegin.o
 .rela.text.wctob
                0x00000000        0x0 c:/devkitpro/devkitppc/bin/../lib/gcc/powerpc-eabi/4.4.3/crtbegin.o
 .rela.text._dtoa_r
                0x00000000        0x0 c:/devkitpro/devkitppc/bin/../lib/gcc/powerpc-eabi/4.4.3/crtbegin.o
 .rela.text.__hexdig_init
                0x00000000        0x0 c:/devkitpro/devkitppc/bin/../lib/gcc/powerpc-eabi/4.4.3/crtbegin.o
 .rela.text.__gethex
                0x00000000        0x0 c:/devkitpro/devkitppc/bin/../lib/gcc/powerpc-eabi/4.4.3/crtbegin.o
 .rela.text.__hexnan
                0x00000000        0x0 c:/devkitpro/devkitppc/bin/../lib/gcc/powerpc-eabi/4.4.3/crtbegin.o

.rel.fini
 *(.rel.fini)

.rela.fini
 *(.rela.fini)

.rel.rodata
 *(.rel.rodata .rel.rodata.* .rel.gnu.linkonce.r.*)

.rela.rodata    0x8000420c        0x0
 *(.rela.rodata .rela.rodata.* .rela.gnu.linkonce.r.*)
 .rela.rodata.cst4
                0x00000000        0x0 c:/devkitpro/devkitppc/bin/../lib/gcc/powerpc-eabi/4.4.3/crtbegin.o
 .rela.rodata   0x00000000        0x0 c:/devkitpro/devkitppc/bin/../lib/gcc/powerpc-eabi/4.4.3/crtbegin.o
 .rela.rodata.dotab_fat
                0x00000000        0x0 c:/devkitpro/devkitppc/bin/../lib/gcc/powerpc-eabi/4.4.3/crtbegin.o
 .rela.rodata.CSWTCH.48
                0x00000000        0x0 c:/devkitpro/devkitppc/bin/../lib/gcc/powerpc-eabi/4.4.3/crtbegin.o
 .rela.rodata._ZTVN10__cxxabiv119__foreign_exceptionE
                0x00000000        0x0 c:/devkitpro/devkitppc/bin/../lib/gcc/powerpc-eabi/4.4.3/crtbegin.o
 .rela.rodata._ZTVN10__cxxabiv115__forced_unwindE
                0x00000000        0x0 c:/devkitpro/devkitppc/bin/../lib/gcc/powerpc-eabi/4.4.3/crtbegin.o
 .rela.rodata._ZTVSt13bad_exception
                0x00000000        0x0 c:/devkitpro/devkitppc/bin/../lib/gcc/powerpc-eabi/4.4.3/crtbegin.o
 .rela.rodata._ZTVSt9exception
                0x00000000        0x0 c:/devkitpro/devkitppc/bin/../lib/gcc/powerpc-eabi/4.4.3/crtbegin.o
 .rela.rodata._ZTISt13bad_exception
                0x00000000        0x0 c:/devkitpro/devkitppc/bin/../lib/gcc/powerpc-eabi/4.4.3/crtbegin.o
 .rela.rodata._ZTVSt9bad_alloc
                0x00000000        0x0 c:/devkitpro/devkitppc/bin/../lib/gcc/powerpc-eabi/4.4.3/crtbegin.o
 .rela.rodata._ZTISt9bad_alloc
                0x00000000        0x0 c:/devkitpro/devkitppc/bin/../lib/gcc/powerpc-eabi/4.4.3/crtbegin.o
 .rela.rodata._ZTVN10__cxxabiv120__si_class_type_infoE
                0x00000000        0x0 c:/devkitpro/devkitppc/bin/../lib/gcc/powerpc-eabi/4.4.3/crtbegin.o
 .rela.rodata._ZTIN10__cxxabiv120__si_class_type_infoE
                0x00000000        0x0 c:/devkitpro/devkitppc/bin/../lib/gcc/powerpc-eabi/4.4.3/crtbegin.o
 .rela.rodata._ZTVSt9type_info
                0x00000000        0x0 c:/devkitpro/devkitppc/bin/../lib/gcc/powerpc-eabi/4.4.3/crtbegin.o
 .rela.rodata._ZTVN10__cxxabiv117__class_type_infoE
                0x00000000        0x0 c:/devkitpro/devkitppc/bin/../lib/gcc/powerpc-eabi/4.4.3/crtbegin.o
 .rela.rodata._ZTIN10__cxxabiv117__class_type_infoE
                0x00000000        0x0 c:/devkitpro/devkitppc/bin/../lib/gcc/powerpc-eabi/4.4.3/crtbegin.o

.rel.data
 *(.rel.data .rel.data.* .rel.gnu.linkonce.d.*)

.rela.data      0x8000420c        0x0
 *(.rela.data .rela.data.* .rela.gnu.linkonce.d.*)
 .rela.data     0x00000000        0x0 c:/devkitpro/devkitppc/bin/../lib/gcc/powerpc-eabi/4.4.3/crtbegin.o

.rel.tdata
 *(.rel.tdata .rel.tdata.* .rel.gnu.linkonce.td.*)

.rela.tdata
 *(.rela.tdata .rela.tdata.* .rela.gnu.linkonce.td.*)

.rel.tbss
 *(.rel.tbss .rel.tbss.* .rel.gnu.linkonce.tb.*)

.rela.tbss
 *(.rela.tbss .rela.tbss.* .rela.gnu.linkonce.tb.*)

.rel.ctors
 *(.rel.ctors)

.rela.ctors
 *(.rela.ctors)

.rel.dtors
 *(.rel.dtors)

.rela.dtors
 *(.rela.dtors)

.rel.got
 *(.rel.got)

.rela.got
 *(.rela.got)

.rela.got1
 *(.rela.got1)

.rela.got2      0x8000420c        0x0
 *(.rela.got2)
 .rela.got2     0x00000000        0x0 c:/devkitpro/devkitppc/bin/../lib/gcc/powerpc-eabi/4.4.3/crtbegin.o

.rel.sdata
 *(.rel.sdata .rel.sdata.* .rel.gnu.linkonce.s.*)

.rela.sdata     0x8000420c        0x0
 *(.rela.sdata .rela.sdata.* .rela.gnu.linkonce.s.*)
 .rela.sdata._ZN10__cxxabiv119__terminate_handlerE
                0x00000000        0x0 c:/devkitpro/devkitppc/bin/../lib/gcc/powerpc-eabi/4.4.3/crtbegin.o
 .rela.sdata._ZTIN10__cxxabiv119__foreign_exceptionE
                0x00000000        0x0 c:/devkitpro/devkitppc/bin/../lib/gcc/powerpc-eabi/4.4.3/crtbegin.o
 .rela.sdata._ZTIN10__cxxabiv115__forced_unwindE
                0x00000000        0x0 c:/devkitpro/devkitppc/bin/../lib/gcc/powerpc-eabi/4.4.3/crtbegin.o
 .rela.sdata._ZTISt9exception
                0x00000000        0x0 c:/devkitpro/devkitppc/bin/../lib/gcc/powerpc-eabi/4.4.3/crtbegin.o
 .rela.sdata._ZTISt9type_info
                0x00000000        0x0 c:/devkitpro/devkitppc/bin/../lib/gcc/powerpc-eabi/4.4.3/crtbegin.o

.rel.sbss
 *(.rel.sbss .rel.sbss.* .rel.gnu.linkonce.sb.*)

.rela.sbss
 *(.rela.sbss .rela.sbss.* .rel.gnu.linkonce.sb.*)

.rel.sdata2
 *(.rel.sdata2 .rel.sdata2.* .rel.gnu.linkonce.s2.*)

.rela.sdata2    0x8000420c        0x0
 *(.rela.sdata2 .rela.sdata2.* .rela.gnu.linkonce.s2.*)
 .rela.sdata2.__sys_inIPL
                0x00000000        0x0 c:/devkitpro/devkitppc/bin/../lib/gcc/powerpc-eabi/4.4.3/crtbegin.o
 .rela.sdata2.__gx
                0x00000000        0x0 c:/devkitpro/devkitppc/bin/../lib/gcc/powerpc-eabi/4.4.3/crtbegin.o

.rel.sbss2
 *(.rel.sbss2 .rel.sbss2.* .rel.gnu.linkonce.sb2.*)

.rela.sbss2
 *(.rela.sbss2 .rela.sbss2.* .rela.gnu.linkonce.sb2.*)

.rel.bss
 *(.rel.bss .rel.bss.* .rel.gnu.linkonce.b.*)

.rela.bss
 *(.rela.bss .rela.bss.* .rela.gnu.linkonce.b.*)

.rel.plt
 *(.rel.plt)

.rela.plt
 *(.rela.plt)

.text           0x80004220    0xe1d80
 *(.text)
 .text          0x80004220      0x168 c:/devkitpro/devkitppc/bin/../lib/gcc/powerpc-eabi/4.4.3/crtbegin.o
 .text          0x80004388       0x48 c:/devkitpro/devkitppc/bin/../lib/gcc/powerpc-eabi/4.4.3/../../../../powerpc-eabi/lib/crtmain.o
                0x8000438c                __crtmain
 .text          0x800043d0      0x138 ../lib/freetype/lib/wii\libfreetype.a(ftinit.o)
                0x800043d0                FT_Done_FreeType
                0x80004410                FT_Add_Default_Modules
                0x80004464                FT_Init_FreeType
 .text          0x80004508     0xa2a8 ../lib/freetype/lib/wii\libfreetype.a(ftbase.o)
                0x80004508                FT_RoundFix
                0x80004538                FT_CeilFix
                0x80004568                FT_FloorFix
                0x80004588                FT_Sqrt32
                0x8000469c                FT_MulDiv
                0x800047d0                FT_MulDiv_No_Round
                0x800048c0                FT_MulFix
                0x80004960                FT_DivFix
                0x80004a30                FT_Matrix_Multiply
                0x80004b60                FT_Matrix_Invert
                0x80004c48                FT_Matrix_Multiply_Scaled
                0x80004d88                FT_Vector_Transform_Scaled
                0x80004e48                FT_SqrtFixed
                0x80004ea0                ft_corner_orientation
                0x80004fbc                ft_corner_is_flat
                0x80005034                FT_GlyphLoader_Rewind
                0x800050e8                FT_GlyphLoader_Prepare
                0x8000512c                FT_GlyphLoader_Add
                0x80005194                FT_Get_Sfnt_Name_Count
                0x800051b8                ft_validator_init
                0x800051d0                ft_validator_run
                0x800051d8                FT_Set_Transform
                0x80005370                FT_Match_Size
                0x800054c8                ft_synthesize_vertical_metrics
                0x800055e8                FT_Select_Metrics
                0x800056c0                FT_Select_Size
                0x80005758                FT_Get_Kerning
                0x800058b0                FT_Get_Track_Kerning
                0x8000597c                FT_Select_Charmap
                0x80005a00                FT_Get_Charmap_Index
                0x80005a54                FT_Get_Char_Index
                0x80005aa8                FT_Get_Next_Char
                0x80005b24                FT_Get_First_Char
                0x80005bac                FT_Get_Name_Index
                0x80005c84                FT_Get_Glyph_Name
                0x80005dac                FT_Get_Postscript_Name
                0x80005e68                FT_Get_Sfnt_Table
                0x80005ef4                FT_Load_Sfnt_Table
                0x80005fd8                FT_Sfnt_Table_Info
                0x800060a8                FT_Get_CMap_Language_ID
                0x80006144                FT_Get_CMap_Format
                0x800061d0                FT_Set_Charmap
                0x80006314                FT_Face_GetCharsOfVariant
                0x8000638c                FT_Face_GetVariantsOfChar
                0x80006404                FT_Face_GetVariantSelectors
                0x80006468                FT_Face_GetCharVariantIsDefault
                0x800064d0                FT_Face_GetCharVariantIndex
                0x80006578                FT_Activate_Size
                0x800065b4                FT_Lookup_Renderer
                0x80006668                FT_Get_Renderer
                0x80006670                ft_module_get_service
                0x8000675c                FT_Library_Version
                0x800067a8                FT_Set_Debug_Hook
                0x800067d0                ft_stub_set_char_sizes
                0x80006860                ft_stub_set_pixel_sizes
                0x800068cc                FT_Get_SubGlyph_Info
                0x80006980                FT_Outline_Decompose
                0x80006e3c                FT_Outline_Check
                0x80006eb4                FT_Outline_Get_CBox
                0x80006f74                FT_Outline_Translate
                0x80006fc4                FT_Outline_Reverse
                0x800070a0                FT_Vector_Transform
                0x80007148                FT_Outline_Transform
                0x800071c0                FT_Outline_Get_Orientation
                0x800075a8                FT_Stream_OpenMemory
                0x800075c8                FT_Stream_Close
                0x80007600                FT_Stream_Seek
                0x80007660                FT_Raccess_Guess
                0x80007780                FT_Stream_Skip
                0x8000779c                FT_Stream_Pos
                0x800077a4                FT_Stream_GetChar
                0x800077d0                FT_Stream_GetShort
                0x8000780c                FT_Stream_GetShortLE
                0x80007848                FT_Stream_GetOffset
                0x80007890                FT_Stream_GetLong
                0x800078e0                FT_Stream_GetLongLE
                0x80007930                FT_Stream_ReadChar
                0x800079f4                FT_Stream_ReadShort
                0x80007adc                FT_Stream_ReadShortLE
                0x80007bc4                FT_Stream_ReadOffset
                0x80007cb8                FT_Stream_ReadLong
                0x80007f58                FT_Stream_ReadLongLE
                0x80008380                FT_Cos
                0x800083c8                FT_Sin
                0x800083d4                FT_Tan
                0x8000841c                FT_Atan2
                0x80008470                FT_Vector_Unit
                0x800084c8                FT_Vector_Rotate
                0x800085d8                FT_Vector_Length
                0x8000869c                FT_Vector_Polarize
                0x80008748                FT_Vector_From_Polar
                0x8000875c                FT_Angle_Diff
                0x800087c0                FT_Outline_Embolden
                0x80008a24                ft_mem_qalloc
                0x80008a8c                ft_mem_free
                0x80008abc                FT_Stream_ExitFrame
                0x80008b10                FT_Stream_EnterFrame
                0x80008c88                FT_Stream_ExtractFrame
                0x80008cd8                FT_Stream_ReleaseFrame
                0x80008d28                FT_Outline_Done_Internal
                0x80008e04                FT_Outline_Done
                0x80008fe8                ft_glyphslot_free_bitmap
                0x80009060                ft_glyphslot_set_bitmap
                0x8000909c                FT_Stream_Free
                0x80009110                FT_GlyphLoader_Reset
                0x800091b4                FT_GlyphLoader_Done
                0x800092d8                FT_Done_GlyphSlot
                0x80009384                ft_mem_strcpyn
                0x800093d8                FT_List_Find
                0x80009410                FT_List_Add
                0x80009440                FT_List_Insert
                0x80009470                FT_List_Remove
                0x800094a8                FT_Done_Size
                0x80009598                FT_List_Up
                0x800095fc                FT_Set_Renderer
                0x800096e4                FT_Outline_Render
                0x80009814                FT_Outline_Get_Bitmap
                0x8000987c                FT_Render_Glyph_Internal
                0x800099e0                FT_Render_Glyph
                0x80009a08                FT_List_Iterate
                0x80009a74                FT_List_Finalize
                0x80009b30                FT_Remove_Module
                0x80009e6c                FT_Done_Face
                0x80009f34                FT_Done_Library
                0x8000a050                ft_highpow2
                0x8000a070                FT_QAlloc
                0x8000a0a8                FT_Free
                0x8000a0e8                ft_mem_dup
                0x8000a16c                ft_mem_strdup
                0x8000a1f4                FT_Stream_ReadFields
                0x8000a47c                FT_Stream_TryRead
                0x8000a524                FT_Stream_ReadAt
                0x8000a5dc                FT_Stream_Read
                0x8000a5f0                FT_Raccess_Get_HeaderInfo
                0x8000a830                FT_Outline_Copy
                0x8000a8fc                ft_mem_alloc
                0x8000a970                FT_Alloc
                0x8000a9a8                ft_mem_qrealloc
                0x8000aad4                FT_QRealloc
                0x8000ab1c                ft_mem_realloc
                0x8000abe8                FT_Realloc
                0x8000ac30                FT_Outline_New_Internal
                0x8000ada4                FT_Outline_New
                0x8000adbc                FT_CMap_Done
                0x8000af20                FT_Get_Sfnt_Name
                0x8000b080                FT_GlyphLoader_CheckSubGlyphs
                0x8000b134                FT_GlyphLoader_CreateExtra
                0x8000b3c4                FT_New_Library
                0x8000b4cc                FT_CMap_New
                0x8000b65c                FT_New_Size
                0x8000b93c                ft_glyphslot_alloc_bitmap
                0x8000b9f8                FT_GlyphLoader_New
                0x8000ba50                FT_New_GlyphSlot
                0x8000bc08                FT_Request_Metrics
                0x8000bf48                FT_Request_Size
                0x8000c040                FT_Set_Pixel_Sizes
                0x8000c0d4                FT_Set_Char_Size
                0x8000c1a0                FT_Load_Glyph
                0x8000c6ac                FT_Load_Char
                0x8000c91c                FT_Raccess_Get_DataOffsets
                0x8000cbf8                FT_Get_Module
                0x8000cc98                FT_Get_TrueType_Engine_Type
                0x8000ccfc                FT_Get_Module_Interface
                0x8000cd34                FT_Add_Module
                0x8000d08c                ft_service_list_lookup
                0x8000d108                FT_Stream_New
                0x8000d54c                FT_Attach_Stream
                0x8000d608                FT_Attach_File
                0x8000d654                FT_Open_Face
                0x8000e3f0                FT_New_Memory_Face
                0x8000e444                FT_New_Face
                0x8000e488                ft_validator_error
                0x8000e4a4                FT_GlyphLoader_CheckPoints
                0x8000e690                FT_GlyphLoader_CopyPoints
 .text          0x8000e7b0     0xaa04 ../lib/freetype/lib/wii\libfreetype.a(truetype.o)
                0x80015bf0                TT_New_Context
                0x800167d8                TT_RunIns
 .text          0x800191b4     0x5214 ../lib/freetype/lib/wii\libfreetype.a(type1.o)
 .text          0x8001e3c8     0x8bec ../lib/freetype/lib/wii\libfreetype.a(sfnt.o)
 .text          0x80026fb4     0x5850 ../lib/freetype/lib/wii\libfreetype.a(autofit.o)
                0x80027064                af_glyph_hints_dump_points
                0x80027068                af_glyph_hints_dump_segments
                0x8002706c                af_glyph_hints_dump_edges
 .text          0x8002c804     0x3cec ../lib/freetype/lib/wii\libfreetype.a(pshinter.o)
                0x8002f368                ps_hints_apply
 .text          0x800304f0     0x281c ../lib/freetype/lib/wii\libfreetype.a(raster.o)
 .text          0x80032d0c     0x2248 ../lib/freetype/lib/wii\libfreetype.a(smooth.o)
 .text          0x80034f54     0x47f0 ../lib/freetype/lib/wii\libfreetype.a(psaux.o)
 .text          0x80039744      0x89c ../lib/freetype/lib/wii\libfreetype.a(psnames.o)
 .text          0x80039fe0      0x248 ../lib/freetype/lib/wii\libfreetype.a(ftsystem.o)
                0x80039fe0                FT_Done_Memory
                0x8003a00c                FT_New_Memory
                0x8003a0d4                FT_Stream_Open
 .text          0x8003a228      0x430 ../lib/mxml/lib/wii\libmxml.a(mxml-attr.o)
                0x8003a228                mxmlElementGetAttr
                0x8003a3f4                mxmlElementSetAttrf
                0x8003a4f8                mxmlElementSetAttr
                0x8003a57c                mxmlElementDeleteAttr
 .text          0x8003a658     0x3610 ../lib/mxml/lib/wii\libmxml.a(mxml-file.o)
                0x8003a750                mxmlSetWrapMargin
                0x8003a780                mxmlSetErrorCallback
                0x8003a7b0                mxmlSetCustomHandlers
                0x8003c114                mxmlSAXLoadString
                0x8003c154                mxmlSAXLoadFile
                0x8003c16c                mxmlSAXLoadFd
                0x8003c1b4                mxmlLoadString
                0x8003c1f0                mxmlLoadFile
                0x8003c204                mxmlLoadFd
                0x8003d780                mxmlSaveString
                0x8003d860                mxmlSaveFile
                0x8003db14                mxmlSaveFd
                0x8003dbc0                mxmlSaveAllocString
 .text          0x8003dc68      0x738 ../lib/mxml/lib/wii\libmxml.a(mxml-node.o)
                0x8003dc68                mxmlRemove
                0x8003dccc                mxmlAdd
                0x8003de30                mxmlRetain
                0x8003dec8                mxmlNewTextf
                0x8003df8c                mxmlNewReal
                0x8003dfc8                mxmlNewInteger
                0x8003e004                mxmlNewCustom
                0x8003e050                mxmlNewText
                0x8003e0b8                mxmlNewOpaque
                0x8003e110                mxmlNewElement
                0x8003e168                mxmlNewXML
                0x8003e1c4                mxmlNewCDATA
                0x8003e228                mxmlDelete
                0x8003e358                mxmlRelease
 .text          0x8003e3a0      0x234 ../lib/mxml/lib/wii\libmxml.a(mxml-search.o)
                0x8003e3a0                mxmlWalkNext
                0x8003e414                mxmlWalkPrev
                0x8003e474                mxmlFindElement
 .text          0x8003e5d4      0x10c ../lib/mxml/lib/wii\libmxml.a(mxml-private.o)
                0x8003e5d4                mxml_ignore_cb
                0x8003e5dc                mxml_integer_cb
                0x8003e5e4                mxml_opaque_cb
                0x8003e5ec                mxml_real_cb
                0x8003e5f4                _mxml_global
                0x8003e600                mxml_error
 .text          0x8003e6e0      0x124 ../lib/mxml/lib/wii\libmxml.a(mxml-string.o)
                0x8003e6e0                _mxml_vstrdupf
                0x8003e780                _mxml_strdupf
 .text          0x8003e804      0x298 ../lib/mxml/lib/wii\libmxml.a(mxml-entity.o)
                0x8003e804                mxmlEntityGetName
                0x8003e828                _mxml_entity_cb
                0x8003e91c                mxmlEntityGetValue
                0x8003e998                mxmlEntityRemoveCallback
                0x8003ea34                mxmlEntityAddCallback
 *fill*         0x8003ea9c        0x4 00000000
 .text          0x8003eaa0      0x4ec c:/devkitPro/libogc/lib/wii\libogc.a(lwp_handler.o)
                0x8003eaa0                _cpu_context_save_fp
                0x8003ebe0                _cpu_context_restore_fp
                0x8003ed20                _cpu_context_switch
                0x8003eea0                _cpu_context_save
                0x8003ef20                _cpu_context_restore
 .text          0x8003ef8c      0x4d8 c:/devkitPro/libogc/lib/wii\libogc.a(cache_asm.o)
                0x8003ef8c                DCFlashInvalidate
                0x8003ef9c                DCEnable
                0x8003efb0                DCDisable
                0x8003efc4                DCFreeze
                0x8003efd8                DCUnfreeze
                0x8003efe8                DCTouchLoad
                0x8003eff0                DCBlockZero
                0x8003eff8                DCBlockStore
                0x8003f000                DCBlockFlush
                0x8003f008                DCBlockInvalidate
                0x8003f010                DCInvalidateRange
                0x8003f040                DCFlushRange
                0x8003f074                DCStoreRange
                0x8003f0a8                DCFlushRangeNoSync
                0x8003f0d8                DCStoreRangeNoSync
                0x8003f108                DCZeroRange
                0x8003f138                DCTouchRange
                0x8003f168                ICInvalidateRange
                0x8003f1a0                ICFlashInvalidate
                0x8003f1b0                ICEnable
                0x8003f1c4                ICDisable
                0x8003f1d8                ICFreeze
                0x8003f1ec                ICUnfreeze
                0x8003f1fc                ICBlockInvalidate
                0x8003f204                ICSync
                0x8003f20c                L2Init
                0x8003f254                L2Enable
                0x8003f268                L2Disable
                0x8003f280                L2GlobalInvalidate
                0x8003f2d8                __LCEnable
                0x8003f3a0                LCDisable
                0x8003f3c8                LCAllocOneTag
                0x8003f3dc                LCAllocTags
                0x8003f41c                LCLoadBlocks
                0x8003f440                LCStoreBlocks
 .text          0x8003f464      0x518 c:/devkitPro/libogc/lib/wii\libogc.a(system_asm.o)
                0x8003f464                __realmode
                0x8003f47c                __configBATS
                0x8003f5c0                __configMEM1_24Mb
                0x8003f634                __configMEM1_48Mb
                0x8003f6a8                __configMEM2_64Mb
                0x8003f70c                __configMEM2_128Mb
                0x8003f770                __PSInit
                0x8003f7a8                __CacheInit
                0x8003f80c                __SystemInit
                0x8003f890                __flush_cache
                0x8003f8c4                __reset
                0x8003f934                SYS_SwitchFiber
                0x8003f964                InitBATS
 .text          0x8003f97c      0x934 c:/devkitPro/libogc/lib/wii\libogc.a(gu_psasm.o)
                0x8003f97c                ps_guMtxConcat
                0x8003fa48                ps_guMtxIdentity
                0x8003fa7c                ps_guMtxCopy
                0x8003fab0                ps_guMtxTranspose
                0x8003fb08                ps_guMtxInverse
                0x8003fc00                ps_guMtxInvXpos
                0x8003fcc8                ps_guMtxScale
                0x8003fcf8                ps_guMtxScaleApply
                0x8003fd50                ps_guMtxApplyScale
                0x8003fdbc                ps_guMtxTrans
                0x8003fdf8                ps_guMtxTransApply
                0x8003fe44                ps_guMtxApplyTrans
                0x8003fec8                ps_guMtxRotTrig
                0x8003ff80                __ps_guMtxRotAxisRadInternal
                0x80040048                ps_guMtxReflect
                0x800400c0                ps_guVecAdd
                0x800400e4                ps_guVecSub
                0x80040108                ps_guVecScale
                0x80040124                ps_guVecNormalize
                0x80040170                ps_guVecCross
                0x800401ac                ps_guVecDotProduct
                0x800401cc                ps_guVecMultiply
                0x80040220                ps_guVecMultiplySR
                0x80040290                ps_guQuatDotProduct
 .text          0x800402b0      0x1b0 c:/devkitPro/libogc/lib/wii\libogc.a(irq_handler.o)
                0x800402b0                irq_exceptionhandler
 .text          0x80040460      0x1b0 c:/devkitPro/libogc/lib/wii\libogc.a(decrementer_handler.o)
                0x80040460                dec_exceptionhandler
 .text          0x80040610      0x35c c:/devkitPro/libogc/lib/wii\libogc.a(exception_handler.o)
                0x80040610                exceptionhandler_start
                0x8004068c                exceptionhandler_patch
                0x800406c0                exceptionhandler_end
                0x800406c4                default_exceptionhandler
                0x80040804                fpu_exceptionhandler
                0x8004093c                systemcallhandler_start
                0x80040968                systemcallhandler_end
 .text          0x8004096c     0x50a4 c:/devkitpro/devkitppc/bin/../lib/gcc/powerpc-eabi/4.4.3/../../../../powerpc-eabi/lib\libstdc++.a(cp-demangle.o)
                0x800452f4                __gcclibcxx_demangle_callback
                0x80045344                __cxa_demangle
 .text          0x80045a10      0x3f0 c:/devkitpro/devkitppc/bin/../lib/gcc/powerpc-eabi/4.4.3\libgcc.a(_udivdi3.o)
                0x80045a10                __udivdi3
 .text          0x80045e00      0x3fc c:/devkitpro/devkitppc/bin/../lib/gcc/powerpc-eabi/4.4.3\libgcc.a(_umoddi3.o)
                0x80045e00                __umoddi3
 .text          0x800461fc       0xb4 c:/devkitpro/devkitppc/bin/../lib/gcc/powerpc-eabi/4.4.3\libgcc.a(eabi.o)
                0x800461fc                __eabi
                0x80046244                __eabi_convert
                0x80046278                __eabi_uconvert
 .text          0x800462b0     0x31a8 c:/devkitpro/devkitppc/bin/../lib/gcc/powerpc-eabi/4.4.3\libgcc.a(unwind-dw2.o)
                0x800462fc                _Unwind_GetCFA
                0x80046304                _Unwind_GetIP
                0x8004630c                _Unwind_GetIPInfo
                0x80046320                _Unwind_SetIP
                0x80046328                _Unwind_GetLanguageSpecificData
                0x80046330                _Unwind_GetRegionStart
                0x80046338                _Unwind_GetDataRelBase
                0x80046340                _Unwind_GetTextRelBase
                0x80046348                _Unwind_DeleteException
                0x80046380                _Unwind_SetGR
                0x80046408                _Unwind_GetGR
                0x800464cc                _Unwind_FindEnclosingFunction
                0x80048784                _Unwind_Backtrace
                0x80048a54                _Unwind_ForcedUnwind
                0x80048d04                _Unwind_Resume
                0x80048ef0                __frame_state_for
                0x80049008                _Unwind_RaiseException
                0x80049274                _Unwind_Resume_or_Rethrow
 .text          0x80049458     0x17d4 c:/devkitpro/devkitppc/bin/../lib/gcc/powerpc-eabi/4.4.3\libgcc.a(unwind-dw2-fde.o)
                0x80049458                __register_frame_info_bases
                0x800494a0                __register_frame_info
                0x800494ec                __register_frame_info_table_bases
                0x80049520                __register_frame_info_table
                0x8004a154                __register_frame_table
                0x8004a1b8                __register_frame
                0x8004a90c                _Unwind_Find_FDE
                0x8004aaec                __deregister_frame_info_bases
                0x8004abf8                __deregister_frame_info
                0x8004abfc                __deregister_frame
 .text          0x8004ac2c       0x28 c:/devkitpro/devkitppc/bin/../lib/gcc/powerpc-eabi/4.4.3/../../../../powerpc-eabi/lib\libsysbase.a(abort.o)
                0x8004ac2c                abort
 .text          0x8004ac54      0x2fc c:/devkitpro/devkitppc/bin/../lib/gcc/powerpc-eabi/4.4.3/../../../../powerpc-eabi/lib\libsysbase.a(iosupport.o)
                0x8004ac54                setDefaultDevice
                0x8004ac6c                AddDevice
                0x8004ad94                FindDevice
                0x8004aebc                GetDeviceOpTab
                0x8004af00                RemoveDevice
 .text          0x8004af50       0x28 c:/devkitpro/devkitppc/bin/../lib/gcc/powerpc-eabi/4.4.3/../../../../powerpc-eabi/lib\libsysbase.a(_exit.o)
                0x8004af50                _exit
 .text          0x8004af78      0x4cc c:/devkitpro/devkitppc/bin/../lib/gcc/powerpc-eabi/4.4.3/../../../../powerpc-eabi/lib\libsysbase.a(chdir.o)
                0x8004af78                getcwd
                0x8004b05c                _concatenate_path
                0x8004b2bc                chdir
 .text          0x8004b444       0xa0 c:/devkitpro/devkitppc/bin/../lib/gcc/powerpc-eabi/4.4.3/../../../../powerpc-eabi/lib\libsysbase.a(build_argv.o)
                0x8004b444                build_argv
 .text          0x8004b4e4      0x168 c:/devkitpro/devkitppc/bin/../lib/gcc/powerpc-eabi/4.4.3/../../../../powerpc-eabi/lib\libsysbase.a(syscall_support.o)
                0x8004b4e4                __libc_lock_init
                0x8004b524                __libc_lock_close
                0x8004b564                __libc_lock_release
                0x8004b5a4                __libc_lock_acquire
                0x8004b5e4                __malloc_lock
                0x8004b618                __malloc_unlock
 .text          0x8004b64c      0x180 c:/devkitpro/devkitppc/bin/../lib/gcc/powerpc-eabi/4.4.3/../../../../powerpc-eabi/lib\libc.a(lib_a-setjmp.o)
                0x8004b64c                setjmp
                0x8004b708                longjmp
 .text          0x8004b7cc       0xa0 c:/devkitpro/devkitppc/bin/../lib/gcc/powerpc-eabi/4.4.3/../../../../powerpc-eabi/lib\libsysbase.a(close.o)
                0x8004b7cc                _close_r
 .text          0x8004b86c       0xc8 c:/devkitpro/devkitppc/bin/../lib/gcc/powerpc-eabi/4.4.3/../../../../powerpc-eabi/lib\libsysbase.a(fstat.o)
                0x8004b86c                _fstat_r
 .text          0x8004b934        0x8 c:/devkitpro/devkitppc/bin/../lib/gcc/powerpc-eabi/4.4.3/../../../../powerpc-eabi/lib\libsysbase.a(isatty.o)
                0x8004b934                _isatty_r
 .text          0x8004b93c       0xd4 c:/devkitpro/devkitppc/bin/../lib/gcc/powerpc-eabi/4.4.3/../../../../powerpc-eabi/lib\libsysbase.a(lseek.o)
                0x8004b93c                _lseek_r
 .text          0x8004ba10      0x14c c:/devkitpro/devkitppc/bin/../lib/gcc/powerpc-eabi/4.4.3/../../../../powerpc-eabi/lib\libsysbase.a(open.o)
                0x8004ba10                _open_r
 .text          0x8004bb5c       0xb0 c:/devkitpro/devkitppc/bin/../lib/gcc/powerpc-eabi/4.4.3/../../../../powerpc-eabi/lib\libsysbase.a(read.o)
                0x8004bb5c                _read_r
 .text          0x8004bc0c       0x50 c:/devkitpro/devkitppc/bin/../lib/gcc/powerpc-eabi/4.4.3/../../../../powerpc-eabi/lib\libsysbase.a(sbrk.o)
                0x8004bc0c                _sbrk_r
 .text          0x8004bc5c       0xb0 c:/devkitpro/devkitppc/bin/../lib/gcc/powerpc-eabi/4.4.3/../../../../powerpc-eabi/lib\libsysbase.a(write.o)
                0x8004bc5c                _write_r
 .text          0x8004bd0c       0x6c c:/devkitpro/devkitppc/bin/../lib/gcc/powerpc-eabi/4.4.3/../../../../powerpc-eabi/lib\libsysbase.a(flock.o)
                0x8004bd0c                __funlockfile
                0x8004bd30                __flockfile
 .text          0x8004bd78      0x11c c:/devkitpro/devkitppc/bin/../lib/gcc/powerpc-eabi/4.4.3/../../../../powerpc-eabi/lib\libsysbase.a(handle_manager.o)
                0x8004bd78                __get_handle
                0x8004bd9c                __alloc_handle
                0x8004be38                __release_handle
 .text          0x8004be94       0x6c c:/devkitpro/devkitppc/bin/../lib/gcc/powerpc-eabi/4.4.3/crtend.o
 *(.text.*)
 .text._ZN6Button8setColorEj
                0x8004bf00        0x8 Button.o
                0x8004bf00                Button::setColor(unsigned int)
 .text._ZN6Button14setImageNormalEP13GRRLIB_texImg
                0x8004bf08       0x18 Button.o
                0x8004bf08                Button::setImageNormal(GRRLIB_texImg*)
 .text._ZN6Button13setImageFocusEP13GRRLIB_texImg
                0x8004bf20        0x8 Button.o
                0x8004bf20                Button::setImageFocus(GRRLIB_texImg*)
 .text._ZN6Button4getYEv
                0x8004bf28        0x8 Button.o
                0x8004bf28                Button::getY()
 .text._ZN6Button8setLabelEPKc
                0x8004bf30       0x24 Button.o
                0x8004bf30                Button::setLabel(char const*)
 .text._ZN6Button8setIndexEi
                0x8004bf54       0x60 Button.o
                0x8004bf54                Button::setIndex(int)
 .text._ZN6Button4setYEi
                0x8004bfb4       0x68 Button.o
                0x8004bfb4                Button::setY(int)
 .text._ZN6Button4setXEi
                0x8004c01c       0x68 Button.o
                0x8004c01c                Button::setX(int)
 .text._ZN6ButtonD1Ev
                0x8004c084       0x9c Button.o
                0x8004c084                Button::~Button()
 .text._ZN6ButtonC1Ev
                0x8004c120       0xa4 Button.o
                0x8004c120                Button::Button()
 .text._ZN6Button8onSelectEiib
                0x8004c1c4      0x150 Button.o
                0x8004c1c4                Button::onSelect(int, int, bool)
 .text._ZN6Button4textEi
                0x8004c314       0x98 Button.o
                0x8004c314                Button::text(int)
 .text._ZN6Button4drawEv
                0x8004c3ac      0x230 Button.o
                0x8004c3ac                Button::draw()
 .text._ZN9HighScore7getNameEi
                0x8004c5dc       0x18 HighScore.o
                0x8004c5dc                HighScore::getName(int)
 .text._ZN9HighScore7getDateEi
                0x8004c5f4       0x18 HighScore.o
                0x8004c5f4                HighScore::getDate(int)
 .text._ZN9HighScore8getScoreEi
                0x8004c60c       0x18 HighScore.o
                0x8004c60c                HighScore::getScore(int)
 .text._ZN9HighScore7getWaveEi
                0x8004c624       0x18 HighScore.o
                0x8004c624                HighScore::getWave(int)
 .text._ZN9HighScore6getMapEi
                0x8004c63c       0x18 HighScore.o
                0x8004c63c                HighScore::getMap(int)
 .text._ZN9HighScore9getAmountEv
                0x8004c654       0x30 HighScore.o
                0x8004c654                HighScore::getAmount()
 .text._ZN9HighScoreD1Ev
                0x8004c684       0x8c HighScore.o
                0x8004c684                HighScore::~HighScore()
 .text._ZN9HighScore4loadEPKc
                0x8004c710      0x3e8 HighScore.o
                0x8004c710                HighScore::load(char const*)
 .text._ZN9HighScoreC1Ev
                0x8004caf8       0xe0 HighScore.o
                0x8004caf8                HighScore::HighScore()
 .text._ZN4LandD1Ev
                0x8004cbd8       0x9c Land.o
                0x8004cbd8                Land::~Land()
 .text._ZN4LandC1Eiiii
                0x8004cc74       0xbc Land.o
                0x8004cc74                Land::Land(int, int, int, int)
 .text._ZN4Land4drawEv
                0x8004cd30      0x20c Land.o
                0x8004cd30                Land::draw()
 .text._ZN7Pointer9getLetterEPcib
                0x8004cf3c       0x84 Pointer.o
                0x8004cf3c                Pointer::getLetter(char*, int, bool)
 .text._ZN7Pointer9setRumbleEi
                0x8004cfc0        0x8 Pointer.o
                0x8004cfc0                Pointer::setRumble(int)
 .text._ZN7Pointer8setColorEi
                0x8004cfc8        0x8 Pointer.o
                0x8004cfc8                Pointer::setColor(int)
 .text._ZN7Pointer10getXOffsetEv
                0x8004cfd0        0x8 Pointer.o
                0x8004cfd0                Pointer::getXOffset()
 .text._ZN7Pointer10getYOffsetEv
                0x8004cfd8        0x8 Pointer.o
                0x8004cfd8                Pointer::getYOffset()
 .text._ZN7Pointer8setImageEP13GRRLIB_texImg
                0x8004cfe0       0x5c Pointer.o
                0x8004cfe0                Pointer::setImage(GRRLIB_texImg*)
 .text._ZN7Pointer8setAngleEi
                0x8004d03c       0x68 Pointer.o
                0x8004d03c                Pointer::setAngle(int)
 .text._ZN7Pointer4setYEi
                0x8004d0a4       0x68 Pointer.o
                0x8004d0a4                Pointer::setY(int)
 .text._ZN7Pointer4setXEi
                0x8004d10c       0x68 Pointer.o
                0x8004d10c                Pointer::setX(int)
 .text._ZN7Pointer8setIndexEi
                0x8004d174       0x60 Pointer.o
                0x8004d174                Pointer::setIndex(int)
 .text._ZN7PointerC1Ev
                0x8004d1d4       0xac Pointer.o
                0x8004d1d4                Pointer::Pointer()
 .text._ZN7Pointer4drawEv
                0x8004d280       0x98 Pointer.o
                0x8004d280                Pointer::draw()
 .text._ZN7PointerD1Ev
                0x8004d318       0xa8 Pointer.o
                0x8004d318                Pointer::~Pointer()
 .text._ZN7Pointer12buttonScrollEii
                0x8004d3c0       0xe0 Pointer.o
                0x8004d3c0                Pointer::buttonScroll(int, int)
 .text._ZN7Pointer11buttonMinusEi
                0x8004d4a0      0x27c Pointer.o
                0x8004d4a0                Pointer::buttonMinus(int)
 .text._ZN7Pointer10buttonPlusEi
                0x8004d71c      0x27c Pointer.o
                0x8004d71c                Pointer::buttonPlus(int)
 .text._ZN7Pointer7buttonAEii
                0x8004d998      0x8d0 Pointer.o
                0x8004d998                Pointer::buttonA(int, int)
 .text._ZN7Pointer8button2yEv
                0x8004e268       0x50 Pointer.o
                0x8004e268                Pointer::button2y()
 .text._ZN7Pointer8button1xEv
                0x8004e2b8       0x50 Pointer.o
                0x8004e2b8                Pointer::button1x()
 .text._ZN7Pointer6actionEv
                0x8004e308      0x34c Pointer.o
                0x8004e308                Pointer::action()
 .text._ZN8Settings7getNameEv
                0x8004e654        0x4 Settings.o
                0x8004e654                Settings::getName()
 .text._ZN8Settings14getMusicVolumeEv
                0x8004e658        0x8 Settings.o
                0x8004e658                Settings::getMusicVolume()
 .text._ZN8Settings15getEffectVolumeEv
                0x8004e660        0x8 Settings.o
                0x8004e660                Settings::getEffectVolume()
 .text._ZN8Settings15setEffectVolumeEi
                0x8004e668       0x60 Settings.o
                0x8004e668                Settings::setEffectVolume(int)
 .text._ZN8Settings14setMusicVolumeEi
                0x8004e6c8       0x60 Settings.o
                0x8004e6c8                Settings::setMusicVolume(int)
 .text._ZN8SettingsD1Ev
                0x8004e728       0x8c Settings.o
                0x8004e728                Settings::~Settings()
 .text._ZN8Settings7setNameEPKc
                0x8004e7b4       0x68 Settings.o
                0x8004e7b4                Settings::setName(char const*)
 .text._ZN8Settings4saveEPKc
                0x8004e81c      0x238 Settings.o
                0x8004e81c                Settings::save(char const*)
 .text._ZN8Settings4loadEPKc
                0x8004ea54      0x224 Settings.o
                0x8004ea54                Settings::load(char const*)
 .text._ZN8Settings8nickNameEv
                0x8004ec78      0x12c Settings.o
                0x8004ec78                Settings::nickName()
 .text._ZN8SettingsC1Ev
                0x8004eda4       0xa0 Settings.o
                0x8004eda4                Settings::Settings()
 .text._ZN5Sound14getMusicVolumeEv
                0x8004ee44        0x8 Sound.o
                0x8004ee44                Sound::getMusicVolume()
 .text._ZN5Sound15getEffectVolumeEv
                0x8004ee4c        0x8 Sound.o
                0x8004ee4c                Sound::getEffectVolume()
 .text._ZN5Sound13getMusicTrackEv
                0x8004ee54        0x8 Sound.o
                0x8004ee54                Sound::getMusicTrack()
 .text._ZN5Sound15setEffectVolumeEi
                0x8004ee5c       0x68 Sound.o
                0x8004ee5c                Sound::setEffectVolume(int)
 .text._ZN5Sound14setMusicVolumeEi
                0x8004eec4       0x78 Sound.o
                0x8004eec4                Sound::setMusicVolume(int)
 .text._ZN5Sound6effectEi
                0x8004ef3c       0x68 Sound.o
                0x8004ef3c                Sound::effect(int)
 .text._ZN5SoundD1Ev
                0x8004efa4       0xa0 Sound.o
                0x8004efa4                Sound::~Sound()
 .text._ZN5Sound4playEv
                0x8004f044       0xd8 Sound.o
                0x8004f044                Sound::play()
 .text._ZN5Sound13setMusicTrackEi
                0x8004f11c       0xa4 Sound.o
                0x8004f11c                Sound::setMusicTrack(int)
 .text._ZN5SoundC1Ev
                0x8004f1c0       0xa0 Sound.o
                0x8004f1c0                Sound::Sound()
 .text._ZN5TraceC1Ev
                0x8004f260        0xc Trace.o
                0x8004f260                Trace::Trace()